../Core/Src/bldc_controller.c:8:19:get_halls	48	static
../Core/Src/bldc_controller.c:37:19:process_halls	16	static
../Core/Src/bldc_controller.c:48:19:writePhases	32	static
../Core/Src/bldc_controller.c:53:19:write_pd_table	32	static
../Core/Src/bldc_controller.c:91:19:read_throttle	24	static
../Core/Src/bldc_controller.c:113:19:read_voltage	16	static
../Core/Src/bldc_controller.c:120:19:read_current_1	16	static
../Core/Src/bldc_controller.c:128:19:read_current_2	16	static
../Core/Src/bldc_controller.c:136:19:read_current_3	16	static
../Core/Src/bldc_controller.c:143:6:pwm_irq	8	static
../Core/Src/bldc_controller.c:147:6:adc_irq	32	static
../Core/Src/bldc_controller.c:163:19:gpio_read	24	static
../Core/Src/bldc_controller.c:169:19:adc_read	24	static
../Core/Src/bldc_controller.c:174:19:set_pwm	16	static
../Core/Src/bldc_controller.c:185:19:start_adc_irq	8	static
../Core/Src/bldc_controller.c:197:19:start_tim_irq	8	static
../Core/Src/bldc_controller.c:204:6:HAL_TIM_PeriodElapsedCallback	16	static
../Core/Src/bldc_controller.c:210:6:HAL_ADC_ConvCpltCallback	16	static
