Archive member included to satisfy reference by file (symbol)

/usr/lib/gcc/arm-none-eabi/10.3.1/thumb/v6-m/nofp/libgcc.a(_dvmd_tls.o)
                              CMakeFiles/controlador_openLoop.dir/home/ines/pico/pico-sdk/src/rp2_common/pico_divider/divider.S.obj (__aeabi_idiv0)
/usr/lib/gcc/arm-none-eabi/10.3.1/../../../arm-none-eabi/lib/thumb/v6-m/nofp/libg.a(lib_a-atexit.o)
                              /usr/lib/gcc/arm-none-eabi/10.3.1/../../../arm-none-eabi/lib/thumb/v6-m/nofp/crt0.o (atexit)
/usr/lib/gcc/arm-none-eabi/10.3.1/../../../arm-none-eabi/lib/thumb/v6-m/nofp/libg.a(lib_a-calloc.o)
                              CMakeFiles/controlador_openLoop.dir/home/ines/pico/pico-sdk/src/rp2_common/pico_malloc/pico_malloc.c.obj (calloc)
/usr/lib/gcc/arm-none-eabi/10.3.1/../../../arm-none-eabi/lib/thumb/v6-m/nofp/libg.a(lib_a-callocr.o)
                              /usr/lib/gcc/arm-none-eabi/10.3.1/../../../arm-none-eabi/lib/thumb/v6-m/nofp/libg.a(lib_a-calloc.o) (_calloc_r)
/usr/lib/gcc/arm-none-eabi/10.3.1/../../../arm-none-eabi/lib/thumb/v6-m/nofp/libg.a(lib_a-fini.o)
                              /usr/lib/gcc/arm-none-eabi/10.3.1/../../../arm-none-eabi/lib/thumb/v6-m/nofp/crt0.o (__libc_fini_array)
/usr/lib/gcc/arm-none-eabi/10.3.1/../../../arm-none-eabi/lib/thumb/v6-m/nofp/libg.a(lib_a-impure.o)
                              /usr/lib/gcc/arm-none-eabi/10.3.1/../../../arm-none-eabi/lib/thumb/v6-m/nofp/libg.a(lib_a-calloc.o) (_impure_ptr)
/usr/lib/gcc/arm-none-eabi/10.3.1/../../../arm-none-eabi/lib/thumb/v6-m/nofp/libg.a(lib_a-init.o)
                              /usr/lib/gcc/arm-none-eabi/10.3.1/../../../arm-none-eabi/lib/thumb/v6-m/nofp/crt0.o (__libc_init_array)
/usr/lib/gcc/arm-none-eabi/10.3.1/../../../arm-none-eabi/lib/thumb/v6-m/nofp/libg.a(lib_a-malloc.o)
                              CMakeFiles/controlador_openLoop.dir/home/ines/pico/pico-sdk/src/rp2_common/pico_malloc/pico_malloc.c.obj (malloc)
/usr/lib/gcc/arm-none-eabi/10.3.1/../../../arm-none-eabi/lib/thumb/v6-m/nofp/libg.a(lib_a-mallocr.o)
                              /usr/lib/gcc/arm-none-eabi/10.3.1/../../../arm-none-eabi/lib/thumb/v6-m/nofp/libg.a(lib_a-callocr.o) (_malloc_r)
/usr/lib/gcc/arm-none-eabi/10.3.1/../../../arm-none-eabi/lib/thumb/v6-m/nofp/libg.a(lib_a-mlock.o)
                              /usr/lib/gcc/arm-none-eabi/10.3.1/../../../arm-none-eabi/lib/thumb/v6-m/nofp/libg.a(lib_a-mallocr.o) (__malloc_lock)
/usr/lib/gcc/arm-none-eabi/10.3.1/../../../arm-none-eabi/lib/thumb/v6-m/nofp/libg.a(lib_a-realloc.o)
                              CMakeFiles/controlador_openLoop.dir/home/ines/pico/pico-sdk/src/rp2_common/pico_malloc/pico_malloc.c.obj (realloc)
/usr/lib/gcc/arm-none-eabi/10.3.1/../../../arm-none-eabi/lib/thumb/v6-m/nofp/libg.a(lib_a-reallocr.o)
                              /usr/lib/gcc/arm-none-eabi/10.3.1/../../../arm-none-eabi/lib/thumb/v6-m/nofp/libg.a(lib_a-realloc.o) (_realloc_r)
/usr/lib/gcc/arm-none-eabi/10.3.1/../../../arm-none-eabi/lib/thumb/v6-m/nofp/libg.a(lib_a-sbrkr.o)
                              /usr/lib/gcc/arm-none-eabi/10.3.1/../../../arm-none-eabi/lib/thumb/v6-m/nofp/libg.a(lib_a-mallocr.o) (_sbrk_r)
/usr/lib/gcc/arm-none-eabi/10.3.1/../../../arm-none-eabi/lib/thumb/v6-m/nofp/libg.a(lib_a-strlen-stub.o)
                              CMakeFiles/controlador_openLoop.dir/home/ines/pico/pico-sdk/src/rp2_common/pico_stdio/stdio.c.obj (strlen)
/usr/lib/gcc/arm-none-eabi/10.3.1/../../../arm-none-eabi/lib/thumb/v6-m/nofp/libg.a(lib_a-__atexit.o)
                              /usr/lib/gcc/arm-none-eabi/10.3.1/../../../arm-none-eabi/lib/thumb/v6-m/nofp/libg.a(lib_a-atexit.o) (__register_exitproc)
/usr/lib/gcc/arm-none-eabi/10.3.1/../../../arm-none-eabi/lib/thumb/v6-m/nofp/libg.a(lib_a-freer.o)
                              /usr/lib/gcc/arm-none-eabi/10.3.1/../../../arm-none-eabi/lib/thumb/v6-m/nofp/libg.a(lib_a-malloc.o) (_free_r)
/usr/lib/gcc/arm-none-eabi/10.3.1/../../../arm-none-eabi/lib/thumb/v6-m/nofp/libg.a(lib_a-memmove.o)
                              /usr/lib/gcc/arm-none-eabi/10.3.1/../../../arm-none-eabi/lib/thumb/v6-m/nofp/libg.a(lib_a-reallocr.o) (memmove)
/usr/lib/gcc/arm-none-eabi/10.3.1/../../../arm-none-eabi/lib/thumb/v6-m/nofp/libg.a(lib_a-reent.o)
                              /usr/lib/gcc/arm-none-eabi/10.3.1/../../../arm-none-eabi/lib/thumb/v6-m/nofp/libg.a(lib_a-sbrkr.o) (errno)

Discarded input sections

 .text          0x0000000000000000        0x0 /usr/lib/gcc/arm-none-eabi/10.3.1/thumb/v6-m/nofp/crti.o
 .data          0x0000000000000000        0x0 /usr/lib/gcc/arm-none-eabi/10.3.1/thumb/v6-m/nofp/crti.o
 .bss           0x0000000000000000        0x0 /usr/lib/gcc/arm-none-eabi/10.3.1/thumb/v6-m/nofp/crti.o
 .data          0x0000000000000000        0x4 /usr/lib/gcc/arm-none-eabi/10.3.1/thumb/v6-m/nofp/crtbegin.o
 .rodata        0x0000000000000000       0x24 /usr/lib/gcc/arm-none-eabi/10.3.1/thumb/v6-m/nofp/crtbegin.o
[...]
Memory Configuration

Name             Origin             Length             Attributes
FLASH            0x0000000010000000 0x0000000000200000 xr
RAM              0x0000000020000000 0x0000000000040000 xrw
SCRATCH_X        0x0000000020040000 0x0000000000001000 xrw
SCRATCH_Y        0x0000000020041000 0x0000000000001000 xrw
*default*        0x0000000000000000 0xffffffffffffffff

Linker script and memory map

LOAD /usr/lib/gcc/arm-none-eabi/10.3.1/thumb/v6-m/nofp/crti.o
LOAD /usr/lib/gcc/arm-none-eabi/10.3.1/thumb/v6-m/nofp/crtbegin.o
LOAD /usr/lib/gcc/arm-none-eabi/10.3.1/../../../arm-none-eabi/lib/thumb/v6-m/nofp/crt0.o

.flash_begin    0x0000000010000000        0x0
                0x0000000010000000                __flash_binary_start = .

.boot2          0x0000000010000000      0x100
                0x0000000010000000                __boot2_start__ = .
 *(.boot2)
 .boot2         0x0000000010000000      0x100 /tmp/ccAy1baA.o
                0x0000000010000100                __boot2_end__ = .
                0x0000000000000001                ASSERT (((__boot2_end__ - __boot2_start__) == 0x100), ERROR: Pico second stage bootloader must be 256 bytes in size)

.text           0x0000000010000100     0x7388
                0x0000000010000100                __logical_binary_start = .
 *(.vectors)
 .vectors       0x0000000010000100       0xd4 CMakeFiles/controlador_openLoop.dir/home/ines/pico/pico-sdk/src/rp2_common/pico_standard_link/crt0.S.obj
                0x0000000010000100                __vectors
                0x0000000010000100                __VECTOR_TABLE
                0x00000000100001c0                isr_invalid
                0x00000000100001c0                __default_isrs_start
                0x00000000100001c2                isr_nmi
                0x00000000100001c4                isr_hardfault
                0x00000000100001c6                isr_svcall
                0x00000000100001c8                isr_pendsv
                0x00000000100001ca                isr_systick
                0x00000000100001cc                isr_irq30
                0x00000000100001cc                __unhandled_user_irq
                0x00000000100001cc                isr_irq13
                0x00000000100001cc                isr_irq27
                0x00000000100001cc                isr_irq31
                0x00000000100001cc                isr_irq5
                0x00000000100001cc                isr_irq11
                0x00000000100001cc                isr_irq23
                0x00000000100001cc                isr_irq18
                0x00000000100001cc                isr_irq28
                0x00000000100001cc                isr_irq19
                0x00000000100001cc                isr_irq0
                0x00000000100001cc                isr_irq6
                0x00000000100001cc                isr_irq22
                0x00000000100001cc                isr_irq17
                0x00000000100001cc                isr_irq14
                0x00000000100001cc                isr_irq2
                0x00000000100001cc                isr_irq10
                0x00000000100001cc                isr_irq8
                0x00000000100001cc                isr_irq24
                0x00000000100001cc                isr_irq1
                0x00000000100001cc                isr_irq7
                0x00000000100001cc                isr_irq21
                0x00000000100001cc                isr_irq20
                0x00000000100001cc                isr_irq15
                0x00000000100001cc                isr_irq25
                0x00000000100001cc                isr_irq4
                0x00000000100001cc                isr_irq16
                0x00000000100001cc                isr_irq29
                0x00000000100001cc                isr_irq26
                0x00000000100001cc                __default_isrs_end
                0x00000000100001cc                isr_irq3
                0x00000000100001cc                isr_irq12
                0x00000000100001cc                isr_irq9
                0x00000000100001d2                unhandled_user_irq_num_in_r0
 *(.binary_info_header)
 .binary_info_header
                0x00000000100001d4       0x14 CMakeFiles/controlador_openLoop.dir/home/ines/pico/pico-sdk/src/rp2_common/pico_standard_link/crt0.S.obj
                0x00000000100001e8                __binary_info_header_end = .
 *(.reset)
 .reset         0x00000000100001e8       0xa0 CMakeFiles/controlador_openLoop.dir/home/ines/pico/pico-sdk/src/rp2_common/pico_standard_link/crt0.S.obj
                0x00000000100001e8                _entry_point
 .reset         0x0000000010000288       0x30 CMakeFiles/controlador_openLoop.dir/home/ines/pico/pico-sdk/src/rp2_common/pico_standard_link/binary_info.c.obj
 *(.init)
 .init          0x00000000100002b8        0x4 /usr/lib/gcc/arm-none-eabi/10.3.1/thumb/v6-m/nofp/crti.o
                0x00000000100002b8                _init
 *(EXCLUDE_FILE(*libm.a: *libc.a:*lib_a-mem*.o *libgcc.a:) .text*)
 .text          0x00000000100002bc       0x98 /usr/lib/gcc/arm-none-eabi/10.3.1/thumb/v6-m/nofp/crtbegin.o
 .text.on_pwm_wrap
                0x0000000010000354       0x5c CMakeFiles/controlador_openLoop.dir/controlador_openLoop.c.obj
                0x0000000010000354                on_pwm_wrap
 .text.get_halls
                0x00000000100003b0       0x6e CMakeFiles/controlador_openLoop.dir/controlador_openLoop.c.obj
                0x00000000100003b0                get_halls
 *fill*         0x000000001000041e        0x2 
 .text.setup    0x0000000010000420      0x240 CMakeFiles/controlador_openLoop.dir/controlador_openLoop.c.obj
                0x0000000010000420                setup
 .text.main     0x0000000010000660       0x28 CMakeFiles/controlador_openLoop.dir/controlador_openLoop.c.obj
                0x0000000010000660                main
 .text.writePhases
                0x0000000010000688       0x34 CMakeFiles/controlador_openLoop.dir/controlador_openLoop.c.obj
                0x0000000010000688                writePhases
 .text.writePWM
                0x00000000100006bc       0xb8 CMakeFiles/controlador_openLoop.dir/controlador_openLoop.c.obj
                0x00000000100006bc                writePWM
 .text.read_throttle
                0x0000000010000774       0x40 CMakeFiles/controlador_openLoop.dir/controlador_openLoop.c.obj
                0x0000000010000774                read_throttle
 .text.on_adc_fifo
                0x00000000100007b4       0xf0 CMakeFiles/controlador_openLoop.dir/controlador_openLoop.c.obj
                0x00000000100007b4                on_adc_fifo
 .text.gpio_set_function
                0x00000000100008a4       0x30 CMakeFiles/controlador_openLoop.dir/home/ines/pico/pico-sdk/src/rp2_common/hardware_gpio/gpio.c.obj
                0x00000000100008a4                gpio_set_function
 .text.gpio_set_pulls
                0x00000000100008d4       0x34 CMakeFiles/controlador_openLoop.dir/home/ines/pico/pico-sdk/src/rp2_common/hardware_gpio/gpio.c.obj
                0x00000000100008d4                gpio_set_pulls
 .text.gpio_set_input_enabled
                0x0000000010000908       0x30 CMakeFiles/controlador_openLoop.dir/home/ines/pico/pico-sdk/src/rp2_common/hardware_gpio/gpio.c.obj
                0x0000000010000908                gpio_set_input_enabled
 .text.gpio_init
                0x0000000010000938       0x16 CMakeFiles/controlador_openLoop.dir/home/ines/pico/pico-sdk/src/rp2_common/hardware_gpio/gpio.c.obj
                0x0000000010000938                gpio_init
 *fill*         0x000000001000094e        0x2 
 .text.running_on_fpga
                0x0000000010000950       0x14 CMakeFiles/controlador_openLoop.dir/home/ines/pico/pico-sdk/src/rp2_common/pico_platform/platform.c.obj
                0x0000000010000950                running_on_fpga
 .text.hw_claim_lock
                0x0000000010000964       0x18 CMakeFiles/controlador_openLoop.dir/home/ines/pico/pico-sdk/src/rp2_common/hardware_claim/claim.c.obj
                0x0000000010000964                hw_claim_lock
 .text.hw_claim_unlock
                0x000000001000097c       0x14 CMakeFiles/controlador_openLoop.dir/home/ines/pico/pico-sdk/src/rp2_common/hardware_claim/claim.c.obj
                0x000000001000097c                hw_claim_unlock
 .text.hw_claim_or_assert
                0x0000000010000990       0x32 CMakeFiles/controlador_openLoop.dir/home/ines/pico/pico-sdk/src/rp2_common/hardware_claim/claim.c.obj
                0x0000000010000990                hw_claim_or_assert
 .text.hw_claim_unused_from_range
                0x00000000100009c2       0x50 CMakeFiles/controlador_openLoop.dir/home/ines/pico/pico-sdk/src/rp2_common/hardware_claim/claim.c.obj
                0x00000000100009c2                hw_claim_unused_from_range
 *fill*         0x0000000010000a12        0x2 
 .text.spin_locks_reset
                0x0000000010000a14       0x20 CMakeFiles/controlador_openLoop.dir/home/ines/pico/pico-sdk/src/rp2_common/hardware_sync/sync.c.obj
                0x0000000010000a14                spin_locks_reset
 .text.next_striped_spin_lock_num
                0x0000000010000a34       0x1c CMakeFiles/controlador_openLoop.dir/home/ines/pico/pico-sdk/src/rp2_common/hardware_sync/sync.c.obj
                0x0000000010000a34                next_striped_spin_lock_num
 .text.spin_lock_claim_unused
                0x0000000010000a50       0x20 CMakeFiles/controlador_openLoop.dir/home/ines/pico/pico-sdk/src/rp2_common/hardware_sync/sync.c.obj
                0x0000000010000a50                spin_lock_claim_unused
 .text.set_raw_irq_handler_and_unlock
                0x0000000010000a70       0x28 CMakeFiles/controlador_openLoop.dir/home/ines/pico/pico-sdk/src/rp2_common/hardware_irq/irq.c.obj
 .text.make_branch
                0x0000000010000a98       0x48 CMakeFiles/controlador_openLoop.dir/home/ines/pico/pico-sdk/src/rp2_common/hardware_irq/irq.c.obj
 .text.insert_branch_and_link
                0x0000000010000ae0       0x40 CMakeFiles/controlador_openLoop.dir/home/ines/pico/pico-sdk/src/rp2_common/hardware_irq/irq.c.obj
 .text.irq_is_enabled
                0x0000000010000b20       0x18 CMakeFiles/controlador_openLoop.dir/home/ines/pico/pico-sdk/src/rp2_common/hardware_irq/irq.c.obj
                0x0000000010000b20                irq_is_enabled
 .text.irq_set_mask_enabled
                0x0000000010000b38       0x20 CMakeFiles/controlador_openLoop.dir/home/ines/pico/pico-sdk/src/rp2_common/hardware_irq/irq.c.obj
                0x0000000010000b38                irq_set_mask_enabled
 .text.irq_set_enabled
                0x0000000010000b58        0xe CMakeFiles/controlador_openLoop.dir/home/ines/pico/pico-sdk/src/rp2_common/hardware_irq/irq.c.obj
                0x0000000010000b58                irq_set_enabled
 *fill*         0x0000000010000b66        0x2 
 .text.irq_set_pending
                0x0000000010000b68       0x10 CMakeFiles/controlador_openLoop.dir/home/ines/pico/pico-sdk/src/rp2_common/hardware_irq/irq.c.obj
                0x0000000010000b68                irq_set_pending
 .text.irq_get_vtable_handler
                0x0000000010000b78       0x10 CMakeFiles/controlador_openLoop.dir/home/ines/pico/pico-sdk/src/rp2_common/hardware_irq/irq.c.obj
                0x0000000010000b78                irq_get_vtable_handler
 .text.irq_has_shared_handler
                0x0000000010000b88       0x24 CMakeFiles/controlador_openLoop.dir/home/ines/pico/pico-sdk/src/rp2_common/hardware_irq/irq.c.obj
                0x0000000010000b88                irq_has_shared_handler
 .text.irq_set_exclusive_handler
                0x0000000010000bac       0x54 CMakeFiles/controlador_openLoop.dir/home/ines/pico/pico-sdk/src/rp2_common/hardware_irq/irq.c.obj
                0x0000000010000bac                irq_set_exclusive_handler
 .text.irq_add_shared_handler
                0x0000000010000c00      0x234 CMakeFiles/controlador_openLoop.dir/home/ines/pico/pico-sdk/src/rp2_common/hardware_irq/irq.c.obj
                0x0000000010000c00                irq_add_shared_handler
 .text.irq_remove_handler
                0x0000000010000e34      0x1ac CMakeFiles/controlador_openLoop.dir/home/ines/pico/pico-sdk/src/rp2_common/hardware_irq/irq.c.obj
                0x0000000010000e34                irq_remove_handler
 .text.irq_set_priority
                0x0000000010000fe0       0x28 CMakeFiles/controlador_openLoop.dir/home/ines/pico/pico-sdk/src/rp2_common/hardware_irq/irq.c.obj
                0x0000000010000fe0                irq_set_priority
 .text.irq_add_tail_to_free_list
                0x0000000010001008       0xf0 CMakeFiles/controlador_openLoop.dir/home/ines/pico/pico-sdk/src/rp2_common/hardware_irq/irq.c.obj
                0x0000000010001008                irq_add_tail_to_free_list
 .text.irq_init_priorities
                0x00000000100010f8       0x1c CMakeFiles/controlador_openLoop.dir/home/ines/pico/pico-sdk/src/rp2_common/hardware_irq/irq.c.obj
                0x00000000100010f8                irq_init_priorities
 .text.user_irq_claim_unused
                0x0000000010001114       0x28 CMakeFiles/controlador_openLoop.dir/home/ines/pico/pico-sdk/src/rp2_common/hardware_irq/irq.c.obj
                0x0000000010001114                user_irq_claim_unused
 .text.lock_init
                0x000000001000113c       0x10 CMakeFiles/controlador_openLoop.dir/home/ines/pico/pico-sdk/src/common/pico_sync/lock_core.c.obj
                0x000000001000113c                lock_init
 .text.mutex_init
                0x000000001000114c       0x1a CMakeFiles/controlador_openLoop.dir/home/ines/pico/pico-sdk/src/common/pico_sync/mutex.c.obj
                0x000000001000114c                mutex_init
 .text.recursive_mutex_init
                0x0000000010001166       0x1e CMakeFiles/controlador_openLoop.dir/home/ines/pico/pico-sdk/src/common/pico_sync/mutex.c.obj
                0x0000000010001166                recursive_mutex_init
 .text.critical_section_init_with_lock_num
                0x0000000010001184       0x14 CMakeFiles/controlador_openLoop.dir/home/ines/pico/pico-sdk/src/common/pico_sync/critical_section.c.obj
                0x0000000010001184                critical_section_init_with_lock_num
 .text.critical_section_init
                0x0000000010001198       0x14 CMakeFiles/controlador_openLoop.dir/home/ines/pico/pico-sdk/src/common/pico_sync/critical_section.c.obj
                0x0000000010001198                critical_section_init
 .text.alarm_pool_post_alloc_init
                0x00000000100011ac       0x40 CMakeFiles/controlador_openLoop.dir/home/ines/pico/pico-sdk/src/common/pico_time/time.c.obj
 .text.sleep_until_callback
                0x00000000100011ec       0x30 CMakeFiles/controlador_openLoop.dir/home/ines/pico/pico-sdk/src/common/pico_time/time.c.obj
 .text.timer_pool_entry_comparator
                0x000000001000121c       0x7c CMakeFiles/controlador_openLoop.dir/home/ines/pico/pico-sdk/src/common/pico_time/time.c.obj
                0x000000001000121c                timer_pool_entry_comparator
 .text.ph_add_child_node
                0x0000000010001298       0xa4 CMakeFiles/controlador_openLoop.dir/home/ines/pico/pico-sdk/src/common/pico_time/time.c.obj
 .text.ph_merge_nodes
                0x000000001000133c       0x3e CMakeFiles/controlador_openLoop.dir/home/ines/pico/pico-sdk/src/common/pico_time/time.c.obj
 *fill*         0x000000001000137a        0x2 
 .text.add_alarm_under_lock
                0x000000001000137c      0x174 CMakeFiles/controlador_openLoop.dir/home/ines/pico/pico-sdk/src/common/pico_time/time.c.obj
 .text.alarm_pool_alarm_callback
                0x00000000100014f0      0x33c CMakeFiles/controlador_openLoop.dir/home/ines/pico/pico-sdk/src/common/pico_time/time.c.obj
 .text.alarm_pool_init_default
                0x000000001000182c       0x40 CMakeFiles/controlador_openLoop.dir/home/ines/pico/pico-sdk/src/common/pico_time/time.c.obj
                0x000000001000182c                alarm_pool_init_default
 .text.alarm_pool_get_default
                0x000000001000186c       0x2c CMakeFiles/controlador_openLoop.dir/home/ines/pico/pico-sdk/src/common/pico_time/time.c.obj
                0x000000001000186c                alarm_pool_get_default
 .text.alarm_pool_add_alarm_at
                0x0000000010001898      0x168 CMakeFiles/controlador_openLoop.dir/home/ines/pico/pico-sdk/src/common/pico_time/time.c.obj
                0x0000000010001898                alarm_pool_add_alarm_at
 .text.alarm_pool_cancel_alarm
                0x0000000010001a00       0xf8 CMakeFiles/controlador_openLoop.dir/home/ines/pico/pico-sdk/src/common/pico_time/time.c.obj
                0x0000000010001a00                alarm_pool_cancel_alarm
 .text.alarm_pool_core_num
                0x0000000010001af8        0x4 CMakeFiles/controlador_openLoop.dir/home/ines/pico/pico-sdk/src/common/pico_time/time.c.obj
                0x0000000010001af8                alarm_pool_core_num
 .text.sleep_until
                0x0000000010001afc       0xfc CMakeFiles/controlador_openLoop.dir/home/ines/pico/pico-sdk/src/common/pico_time/time.c.obj
                0x0000000010001afc                sleep_until
 .text.sleep_us
                0x0000000010001bf8       0x58 CMakeFiles/controlador_openLoop.dir/home/ines/pico/pico-sdk/src/common/pico_time/time.c.obj
                0x0000000010001bf8                sleep_us
 .text.sleep_ms
                0x0000000010001c50       0x14 CMakeFiles/controlador_openLoop.dir/home/ines/pico/pico-sdk/src/common/pico_time/time.c.obj
                0x0000000010001c50                sleep_ms
 .text.best_effort_wfe_or_timeout
                0x0000000010001c64       0xac CMakeFiles/controlador_openLoop.dir/home/ines/pico/pico-sdk/src/common/pico_time/time.c.obj
                0x0000000010001c64                best_effort_wfe_or_timeout
 .text.hardware_alarm_irq_handler
                0x0000000010001d10       0x90 CMakeFiles/controlador_openLoop.dir/home/ines/pico/pico-sdk/src/rp2_common/hardware_timer/timer.c.obj
 .text.hardware_alarm_claim
                0x0000000010001da0       0x18 CMakeFiles/controlador_openLoop.dir/home/ines/pico/pico-sdk/src/rp2_common/hardware_timer/timer.c.obj
                0x0000000010001da0                hardware_alarm_claim
 .text.time_us_64
                0x0000000010001db8       0x18 CMakeFiles/controlador_openLoop.dir/home/ines/pico/pico-sdk/src/rp2_common/hardware_timer/timer.c.obj
                0x0000000010001db8                time_us_64
 .text.busy_wait_until
                0x0000000010001dd0       0x28 CMakeFiles/controlador_openLoop.dir/home/ines/pico/pico-sdk/src/rp2_common/hardware_timer/timer.c.obj
                0x0000000010001dd0                busy_wait_until
 .text.hardware_alarm_set_callback
                0x0000000010001df8       0x90 CMakeFiles/controlador_openLoop.dir/home/ines/pico/pico-sdk/src/rp2_common/hardware_timer/timer.c.obj
                0x0000000010001df8                hardware_alarm_set_callback
 .text.hardware_alarm_set_target
                0x0000000010001e88       0xe8 CMakeFiles/controlador_openLoop.dir/home/ines/pico/pico-sdk/src/rp2_common/hardware_timer/timer.c.obj
                0x0000000010001e88                hardware_alarm_set_target
 .text.hardware_alarm_cancel
                0x0000000010001f70       0x40 CMakeFiles/controlador_openLoop.dir/home/ines/pico/pico-sdk/src/rp2_common/hardware_timer/timer.c.obj
                0x0000000010001f70                hardware_alarm_cancel
 .text.ph_add_child_node
                0x0000000010001fb0       0xa4 CMakeFiles/controlador_openLoop.dir/home/ines/pico/pico-sdk/src/common/pico_util/pheap.c.obj
 .text.ph_merge_nodes
                0x0000000010002054       0x3e CMakeFiles/controlador_openLoop.dir/home/ines/pico/pico-sdk/src/common/pico_util/pheap.c.obj
 *fill*         0x0000000010002092        0x2 
 .text.ph_clear
                0x0000000010002094       0x70 CMakeFiles/controlador_openLoop.dir/home/ines/pico/pico-sdk/src/common/pico_util/pheap.c.obj
                0x0000000010002094                ph_clear
 .text.ph_post_alloc_init
                0x0000000010002104        0xe CMakeFiles/controlador_openLoop.dir/home/ines/pico/pico-sdk/src/common/pico_util/pheap.c.obj
                0x0000000010002104                ph_post_alloc_init
 *fill*         0x0000000010002112        0x2 
 .text.ph_merge_two_pass
                0x0000000010002114       0xa8 CMakeFiles/controlador_openLoop.dir/home/ines/pico/pico-sdk/src/common/pico_util/pheap.c.obj
                0x0000000010002114                ph_merge_two_pass
 .text.ph_remove_any_head
                0x00000000100021bc      0x128 CMakeFiles/controlador_openLoop.dir/home/ines/pico/pico-sdk/src/common/pico_util/pheap.c.obj
 .text.ph_remove_head
                0x00000000100022e4       0x14 CMakeFiles/controlador_openLoop.dir/home/ines/pico/pico-sdk/src/common/pico_util/pheap.c.obj
                0x00000000100022e4                ph_remove_head
 .text.ph_remove_and_free_node
                0x00000000100022f8       0xf8 CMakeFiles/controlador_openLoop.dir/home/ines/pico/pico-sdk/src/common/pico_util/pheap.c.obj
                0x00000000100022f8                ph_remove_and_free_node
 .text.clock_configure
                0x00000000100023f0      0x108 CMakeFiles/controlador_openLoop.dir/home/ines/pico/pico-sdk/src/rp2_common/hardware_clocks/clocks.c.obj
                0x00000000100023f0                clock_configure
 .text.clocks_init
                0x00000000100024f8      0x100 CMakeFiles/controlador_openLoop.dir/home/ines/pico/pico-sdk/src/rp2_common/hardware_clocks/clocks.c.obj
                0x00000000100024f8                clocks_init
 .text.clock_get_hz
                0x00000000100025f8        0xc CMakeFiles/controlador_openLoop.dir/home/ines/pico/pico-sdk/src/rp2_common/hardware_clocks/clocks.c.obj
                0x00000000100025f8                clock_get_hz
 .text.pll_init
                0x0000000010002604      0x120 CMakeFiles/controlador_openLoop.dir/home/ines/pico/pico-sdk/src/rp2_common/hardware_pll/pll.c.obj
                0x0000000010002604                pll_init
 .text.watchdog_start_tick
                0x0000000010002724       0x10 CMakeFiles/controlador_openLoop.dir/home/ines/pico/pico-sdk/src/rp2_common/hardware_watchdog/watchdog.c.obj
                0x0000000010002724                watchdog_start_tick
 .text.watchdog_update
                0x0000000010002734       0x14 CMakeFiles/controlador_openLoop.dir/home/ines/pico/pico-sdk/src/rp2_common/hardware_watchdog/watchdog.c.obj
                0x0000000010002734                watchdog_update
 .text._watchdog_enable
                0x0000000010002748       0x78 CMakeFiles/controlador_openLoop.dir/home/ines/pico/pico-sdk/src/rp2_common/hardware_watchdog/watchdog.c.obj
                0x0000000010002748                _watchdog_enable
 .text.watchdog_reboot
                0x00000000100027c0       0x48 CMakeFiles/controlador_openLoop.dir/home/ines/pico/pico-sdk/src/rp2_common/hardware_watchdog/watchdog.c.obj
                0x00000000100027c0                watchdog_reboot
 .text.xosc_init
                0x0000000010002808       0x28 CMakeFiles/controlador_openLoop.dir/home/ines/pico/pico-sdk/src/rp2_common/hardware_xosc/xosc.c.obj
                0x0000000010002808                xosc_init
 .text._exit    0x0000000010002830        0x4 CMakeFiles/controlador_openLoop.dir/home/ines/pico/pico-sdk/src/rp2_common/pico_runtime/runtime.c.obj
                0x0000000010002830                _exit
 .text.exit     0x0000000010002834        0x6 CMakeFiles/controlador_openLoop.dir/home/ines/pico/pico-sdk/src/rp2_common/pico_runtime/runtime.c.obj
                0x0000000010002834                exit
 *fill*         0x000000001000283a        0x2 
 .text.__assert_func
                0x000000001000283c       0x3c CMakeFiles/controlador_openLoop.dir/home/ines/pico/pico-sdk/src/rp2_common/pico_runtime/runtime.c.obj
                0x000000001000283c                __assert_func
 .text.runtime_init
                0x0000000010002878       0xf8 CMakeFiles/controlador_openLoop.dir/home/ines/pico/pico-sdk/src/rp2_common/pico_runtime/runtime.c.obj
                0x0000000010002878                runtime_init
 .text.panic    0x0000000010002970       0x30 CMakeFiles/controlador_openLoop.dir/home/ines/pico/pico-sdk/src/rp2_common/pico_runtime/runtime.c.obj
                0x0000000010002970                panic
 .text._out_null
                0x00000000100029a0        0x2 CMakeFiles/controlador_openLoop.dir/home/ines/pico/pico-sdk/src/rp2_common/pico_printf/printf.c.obj
 .text._out_fct
                0x00000000100029a2        0xe CMakeFiles/controlador_openLoop.dir/home/ines/pico/pico-sdk/src/rp2_common/pico_printf/printf.c.obj
 .text._atoi    0x00000000100029b0       0x24 CMakeFiles/controlador_openLoop.dir/home/ines/pico/pico-sdk/src/rp2_common/pico_printf/printf.c.obj
 .text._out_rev
                0x00000000100029d4       0xae CMakeFiles/controlador_openLoop.dir/home/ines/pico/pico-sdk/src/rp2_common/pico_printf/printf.c.obj
 .text._ntoa_format
                0x0000000010002a82      0x112 CMakeFiles/controlador_openLoop.dir/home/ines/pico/pico-sdk/src/rp2_common/pico_printf/printf.c.obj
 .text._ntoa_long
                0x0000000010002b94       0xbc CMakeFiles/controlador_openLoop.dir/home/ines/pico/pico-sdk/src/rp2_common/pico_printf/printf.c.obj
 .text._ntoa_long_long
                0x0000000010002c50       0xe2 CMakeFiles/controlador_openLoop.dir/home/ines/pico/pico-sdk/src/rp2_common/pico_printf/printf.c.obj
 *fill*         0x0000000010002d32        0x2 
 .text._etoa    0x0000000010002d34      0x414 CMakeFiles/controlador_openLoop.dir/home/ines/pico/pico-sdk/src/rp2_common/pico_printf/printf.c.obj
 .text._ftoa    0x0000000010003148      0x354 CMakeFiles/controlador_openLoop.dir/home/ines/pico/pico-sdk/src/rp2_common/pico_printf/printf.c.obj
 .text._vsnprintf
                0x000000001000349c      0x624 CMakeFiles/controlador_openLoop.dir/home/ines/pico/pico-sdk/src/rp2_common/pico_printf/printf.c.obj
 .text.vfctprintf
                0x0000000010003ac0       0x20 CMakeFiles/controlador_openLoop.dir/home/ines/pico/pico-sdk/src/rp2_common/pico_printf/printf.c.obj
                0x0000000010003ac0                vfctprintf
 .text          0x0000000010003ae0       0x10 CMakeFiles/controlador_openLoop.dir/home/ines/pico/pico-sdk/src/rp2_common/pico_bit_ops/bit_ops_aeabi.S.obj
 .text.rom_func_lookup
                0x0000000010003af0       0x10 CMakeFiles/controlador_openLoop.dir/home/ines/pico/pico-sdk/src/rp2_common/pico_bootrom/bootrom.c.obj
                0x0000000010003af0                rom_func_lookup
 .text.rom_data_lookup
                0x0000000010003b00       0x10 CMakeFiles/controlador_openLoop.dir/home/ines/pico/pico-sdk/src/rp2_common/pico_bootrom/bootrom.c.obj
                0x0000000010003b00                rom_data_lookup
 .text.rom_funcs_lookup
                0x0000000010003b10       0x36 CMakeFiles/controlador_openLoop.dir/home/ines/pico/pico-sdk/src/rp2_common/pico_bootrom/bootrom.c.obj
                0x0000000010003b10                rom_funcs_lookup
 *fill*         0x0000000010003b46        0x2 
 .text.__wrap___aeabi_idiv
                0x0000000010003b48       0x50 CMakeFiles/controlador_openLoop.dir/home/ines/pico/pico-sdk/src/rp2_common/pico_divider/divider.S.obj
                0x0000000010003b48                __wrap___aeabi_idivmod
                0x0000000010003b48                divmod_s32s32
                0x0000000010003b48                div_s32s32
                0x0000000010003b48                __wrap___aeabi_idiv
                0x0000000010003b50                divmod_s32s32_unsafe
                0x0000000010003b7c                divmod_s32s32_savestate
 .text.__wrap___aeabi_uidiv
                0x0000000010003b98       0x4c CMakeFiles/controlador_openLoop.dir/home/ines/pico/pico-sdk/src/rp2_common/pico_divider/divider.S.obj
                0x0000000010003b98                __wrap___aeabi_uidiv
                0x0000000010003b98                __wrap___aeabi_uidivmod
                0x0000000010003b98                div_u32u32
                0x0000000010003b98                divmod_u32u32
                0x0000000010003ba0                divmod_u32u32_unsafe
                0x0000000010003bc8                divmod_u32u32_savestate
 .text.__wrap___aeabi_ldiv
                0x0000000010003be4      0x424 CMakeFiles/controlador_openLoop.dir/home/ines/pico/pico-sdk/src/rp2_common/pico_divider/divider.S.obj
                0x0000000010003be4                div_s64s64
                0x0000000010003be4                divmod_s64s64
                0x0000000010003be4                __wrap___aeabi_ldivmod
                0x0000000010003c14                div_u64u64
                0x0000000010003c14                divmod_u64u64
                0x0000000010003c14                __wrap___aeabi_uldivmod
                0x0000000010003c24                divmod_u64u64_savestate
                0x0000000010003c44                divmod_s64s64_unsafe
                0x0000000010003ccc                divmod_u64u64_unsafe
 .text.__wrap___aeabi_darithmetic
                0x0000000010004008       0x80 CMakeFiles/controlador_openLoop.dir/home/ines/pico/pico-sdk/src/rp2_common/pico_double/double_aeabi.S.obj
                0x0000000010004008                __wrap___aeabi_drsub
                0x000000001000400e                __wrap___aeabi_dsub
                0x0000000010004020                __wrap___aeabi_dadd
                0x0000000010004032                __wrap___aeabi_ddiv
                0x000000001000406e                __wrap___aeabi_dmul
 .text.__wrap___aeabi_cdcmple
                0x0000000010004088       0x6c CMakeFiles/controlador_openLoop.dir/home/ines/pico/pico-sdk/src/rp2_common/pico_double/double_aeabi.S.obj
                0x0000000010004088                __wrap___aeabi_cdrcmple
                0x0000000010004098                __wrap___aeabi_cdcmple
                0x0000000010004098                __wrap___aeabi_cdcmpeq
 .text.__wrap___aeabi_dcmplt
                0x00000000100040f4        0xc CMakeFiles/controlador_openLoop.dir/home/ines/pico/pico-sdk/src/rp2_common/pico_double/double_aeabi.S.obj
                0x00000000100040f4                __wrap___aeabi_dcmplt
 .text.__wrap___aeabi_dcmple
                0x0000000010004100       0x10 CMakeFiles/controlador_openLoop.dir/home/ines/pico/pico-sdk/src/rp2_common/pico_double/double_aeabi.S.obj
                0x0000000010004100                __wrap___aeabi_dcmple
 .text.__wrap___aeabi_dcmpge
                0x0000000010004110       0x10 CMakeFiles/controlador_openLoop.dir/home/ines/pico/pico-sdk/src/rp2_common/pico_double/double_aeabi.S.obj
                0x0000000010004110                __wrap___aeabi_dcmpge
 .text.__wrap___aeabi_dcmpgt
                0x0000000010004120        0xa CMakeFiles/controlador_openLoop.dir/home/ines/pico/pico-sdk/src/rp2_common/pico_double/double_aeabi.S.obj
                0x0000000010004120                __wrap___aeabi_dcmpgt
 .text.__wrap___aeabi_dcmpun
                0x000000001000412a       0x1c CMakeFiles/controlador_openLoop.dir/home/ines/pico/pico-sdk/src/rp2_common/pico_double/double_aeabi.S.obj
                0x000000001000412a                __wrap___aeabi_dcmpun
 *fill*         0x0000000010004146        0x2 
 .text.__wrap___aeabi_i2d
                0x0000000010004148       0x38 CMakeFiles/controlador_openLoop.dir/home/ines/pico/pico-sdk/src/rp2_common/pico_double/double_aeabi.S.obj
                0x0000000010004148                __wrap___aeabi_ui2d
                0x0000000010004150                __wrap___aeabi_i2d
 .text.__wrap___aeabi_d2iz
                0x0000000010004180       0x48 CMakeFiles/controlador_openLoop.dir/home/ines/pico/pico-sdk/src/rp2_common/pico_double/double_aeabi.S.obj
                0x0000000010004180                __wrap___aeabi_d2iz
                0x0000000010004180                double2int_z
 .text.__wrap___aeabi_d2uiz
                0x00000000100041c8       0x18 CMakeFiles/controlador_openLoop.dir/home/ines/pico/pico-sdk/src/rp2_common/pico_double/double_aeabi.S.obj
                0x00000000100041c8                double2uint
                0x00000000100041c8                __wrap___aeabi_d2uiz
 .text.__aeabi_double_init
                0x00000000100041e0       0xc8 CMakeFiles/controlador_openLoop.dir/home/ines/pico/pico-sdk/src/rp2_common/pico_double/double_init_rom.c.obj
                0x00000000100041e0                __aeabi_double_init
 .text.double_table_shim_on_use_helper
                0x00000000100042a8       0x34 CMakeFiles/controlador_openLoop.dir/home/ines/pico/pico-sdk/src/rp2_common/pico_double/double_v1_rom_shim.S.obj
                0x00000000100042a8                double_table_shim_on_use_helper
 .text.__wrap___aeabi_dsub
                0x00000000100042dc       0x10 CMakeFiles/controlador_openLoop.dir/home/ines/pico/pico-sdk/src/rp2_common/pico_double/double_v1_rom_shim.S.obj
                0x00000000100042dc                drsub_shim
                0x00000000100042e2                dsub_shim
 .text.dadd_shim
                0x00000000100042ec      0x15c CMakeFiles/controlador_openLoop.dir/home/ines/pico/pico-sdk/src/rp2_common/pico_double/double_v1_rom_shim.S.obj
                0x00000000100042ec                dadd_shim
 .text.dmul_shim
                0x0000000010004448      0x15c CMakeFiles/controlador_openLoop.dir/home/ines/pico/pico-sdk/src/rp2_common/pico_double/double_v1_rom_shim.S.obj
                0x0000000010004448                dmul_shim
 .text.ddiv_shim
                0x00000000100045a4      0x1b0 CMakeFiles/controlador_openLoop.dir/home/ines/pico/pico-sdk/src/rp2_common/pico_double/double_v1_rom_shim.S.obj
                0x00000000100045a4                ddiv_shim
 .text.double2uint_shim
                0x0000000010004754        0xe CMakeFiles/controlador_openLoop.dir/home/ines/pico/pico-sdk/src/rp2_common/pico_double/double_v1_rom_shim.S.obj
                0x0000000010004754                double2uint_shim
                0x0000000010004756                double2ufix_shim
 *fill*         0x0000000010004762        0x2 
 .text.double2uint64_shim
                0x0000000010004764       0x70 CMakeFiles/controlador_openLoop.dir/home/ines/pico/pico-sdk/src/rp2_common/pico_double/double_v1_rom_shim.S.obj
                0x0000000010004764                double2uint64_shim
                0x0000000010004766                double2ufix64_shim
                0x0000000010004786                d2fix_a
 .text.dunpacks
                0x00000000100047d4       0x3c CMakeFiles/controlador_openLoop.dir/home/ines/pico/pico-sdk/src/rp2_common/pico_double/double_v1_rom_shim.S.obj
                0x00000000100047d4                dunpacks
 .text.__aeabi_lmul
                0x0000000010004810       0x32 CMakeFiles/controlador_openLoop.dir/home/ines/pico/pico-sdk/src/rp2_common/pico_int64_ops/pico_int64_ops_aeabi.S.obj
                0x0000000010004810                __wrap___aeabi_lmul
 *fill*         0x0000000010004842        0x2 
 .text.__wrap___aeabi_farithmetic
                0x0000000010004844       0x58 CMakeFiles/controlador_openLoop.dir/home/ines/pico/pico-sdk/src/rp2_common/pico_float/float_aeabi.S.obj
                0x0000000010004844                __wrap___aeabi_frsub
                0x000000001000484a                __wrap___aeabi_fsub
                0x0000000010004854                __wrap___aeabi_fadd
                0x000000001000485e                __wrap___aeabi_fdiv
                0x000000001000488a                __wrap___aeabi_fmul
 .text.__wrap___aeabi_ui2f
                0x000000001000489c        0xa CMakeFiles/controlador_openLoop.dir/home/ines/pico/pico-sdk/src/rp2_common/pico_float/float_aeabi.S.obj
                0x000000001000489c                __wrap___aeabi_ui2f
 *fill*         0x00000000100048a6        0x2 
 .text.__wrap___aeabi_i2f
                0x00000000100048a8       0x44 CMakeFiles/controlador_openLoop.dir/home/ines/pico/pico-sdk/src/rp2_common/pico_float/float_aeabi.S.obj
                0x00000000100048a8                __wrap___aeabi_i2f
 .text.__wrap___aeabi_f2uiz
                0x00000000100048ec       0x10 CMakeFiles/controlador_openLoop.dir/home/ines/pico/pico-sdk/src/rp2_common/pico_float/float_aeabi.S.obj
                0x00000000100048ec                __wrap___aeabi_f2uiz
 .text.__aeabi_float_init
                0x00000000100048fc       0xfc CMakeFiles/controlador_openLoop.dir/home/ines/pico/pico-sdk/src/rp2_common/pico_float/float_init_rom.c.obj
                0x00000000100048fc                __aeabi_float_init
 .text.float_table_shim_on_use_helper
                0x00000000100049f8       0x34 CMakeFiles/controlador_openLoop.dir/home/ines/pico/pico-sdk/src/rp2_common/pico_float/float_v1_rom_shim.S.obj
                0x00000000100049f8                float_table_shim_on_use_helper
 .text          0x0000000010004a2c       0x10 CMakeFiles/controlador_openLoop.dir/home/ines/pico/pico-sdk/src/rp2_common/pico_mem_ops/mem_ops_aeabi.S.obj
                0x0000000010004a2c                __aeabi_mem_init
 .text.memset   0x0000000010004a3c        0xc CMakeFiles/controlador_openLoop.dir/home/ines/pico/pico-sdk/src/rp2_common/pico_mem_ops/mem_ops_aeabi.S.obj
                0x0000000010004a3c                __wrap_memset
 .text.memcpy   0x0000000010004a48        0xc CMakeFiles/controlador_openLoop.dir/home/ines/pico/pico-sdk/src/rp2_common/pico_mem_ops/mem_ops_aeabi.S.obj
                0x0000000010004a48                __wrap___aeabi_memcpy
                0x0000000010004a48                __wrap_memcpy
 .text.stdio_out_chars_no_crlf
                0x0000000010004a54        0xe CMakeFiles/controlador_openLoop.dir/home/ines/pico/pico-sdk/src/rp2_common/pico_stdio/stdio.c.obj
 *fill*         0x0000000010004a62        0x2 
 .text.stdio_out_chars_crlf
                0x0000000010004a64       0x80 CMakeFiles/controlador_openLoop.dir/home/ines/pico/pico-sdk/src/rp2_common/pico_stdio/stdio.c.obj
 .text.stdio_stack_buffer_flush
                0x0000000010004ae4       0x44 CMakeFiles/controlador_openLoop.dir/home/ines/pico/pico-sdk/src/rp2_common/pico_stdio/stdio.c.obj
 .text.stdio_buffered_printer
                0x0000000010004b28       0x20 CMakeFiles/controlador_openLoop.dir/home/ines/pico/pico-sdk/src/rp2_common/pico_stdio/stdio.c.obj
 .text.stdout_serialize_begin
                0x0000000010004b48       0x5c CMakeFiles/controlador_openLoop.dir/home/ines/pico/pico-sdk/src/rp2_common/pico_stdio/stdio.c.obj
                0x0000000010004b48                stdout_serialize_begin
 .text.stdout_serialize_end
                0x0000000010004ba4       0x10 CMakeFiles/controlador_openLoop.dir/home/ines/pico/pico-sdk/src/rp2_common/pico_stdio/stdio.c.obj
                0x0000000010004ba4                stdout_serialize_end
 .text.stdio_put_string
                0x0000000010004bb4       0x98 CMakeFiles/controlador_openLoop.dir/home/ines/pico/pico-sdk/src/rp2_common/pico_stdio/stdio.c.obj
 .text.stdio_set_driver_enabled
                0x0000000010004c4c       0x2c CMakeFiles/controlador_openLoop.dir/home/ines/pico/pico-sdk/src/rp2_common/pico_stdio/stdio.c.obj
                0x0000000010004c4c                stdio_set_driver_enabled
 .text.stdio_flush
                0x0000000010004c78       0x20 CMakeFiles/controlador_openLoop.dir/home/ines/pico/pico-sdk/src/rp2_common/pico_stdio/stdio.c.obj
                0x0000000010004c78                stdio_flush
 .text.__wrap_puts
                0x0000000010004c98       0x1e CMakeFiles/controlador_openLoop.dir/home/ines/pico/pico-sdk/src/rp2_common/pico_stdio/stdio.c.obj
                0x0000000010004c98                __wrap_puts
 *fill*         0x0000000010004cb6        0x2 
 .text.__wrap_vprintf
                0x0000000010004cb8       0x40 CMakeFiles/controlador_openLoop.dir/home/ines/pico/pico-sdk/src/rp2_common/pico_stdio/stdio.c.obj
                0x0000000010004cb8                __wrap_vprintf
 .text.__wrap_printf
                0x0000000010004cf8       0x18 CMakeFiles/controlador_openLoop.dir/home/ines/pico/pico-sdk/src/rp2_common/pico_stdio/stdio.c.obj
                0x0000000010004cf8                __wrap_printf
 .text.stdio_init_all
                0x0000000010004d10        0x8 CMakeFiles/controlador_openLoop.dir/home/ines/pico/pico-sdk/src/rp2_common/pico_stdio/stdio.c.obj
                0x0000000010004d10                stdio_init_all
 .text.resetd_init
                0x0000000010004d18        0x2 CMakeFiles/controlador_openLoop.dir/home/ines/pico/pico-sdk/src/rp2_common/pico_stdio_usb/reset_interface.c.obj
 *fill*         0x0000000010004d1a        0x2 
 .text.resetd_reset
                0x0000000010004d1c        0xc CMakeFiles/controlador_openLoop.dir/home/ines/pico/pico-sdk/src/rp2_common/pico_stdio_usb/reset_interface.c.obj
 .text.resetd_open
                0x0000000010004d28       0x34 CMakeFiles/controlador_openLoop.dir/home/ines/pico/pico-sdk/src/rp2_common/pico_stdio_usb/reset_interface.c.obj
 .text.resetd_xfer_cb
                0x0000000010004d5c        0x4 CMakeFiles/controlador_openLoop.dir/home/ines/pico/pico-sdk/src/rp2_common/pico_stdio_usb/reset_interface.c.obj
 .text.reset_usb_boot
                0x0000000010004d60       0x18 CMakeFiles/controlador_openLoop.dir/home/ines/pico/pico-sdk/src/rp2_common/pico_stdio_usb/reset_interface.c.obj
 .text.resetd_control_xfer_cb
                0x0000000010004d78       0x5c CMakeFiles/controlador_openLoop.dir/home/ines/pico/pico-sdk/src/rp2_common/pico_stdio_usb/reset_interface.c.obj
 .text.usbd_app_driver_get_cb
                0x0000000010004dd4        0xc CMakeFiles/controlador_openLoop.dir/home/ines/pico/pico-sdk/src/rp2_common/pico_stdio_usb/reset_interface.c.obj
                0x0000000010004dd4                usbd_app_driver_get_cb
 .text.tud_cdc_line_coding_cb
                0x0000000010004de0       0x28 CMakeFiles/controlador_openLoop.dir/home/ines/pico/pico-sdk/src/rp2_common/pico_stdio_usb/reset_interface.c.obj
                0x0000000010004de0                tud_cdc_line_coding_cb
 .text.stdio_usb_set_chars_available_callback
                0x0000000010004e08       0x14 CMakeFiles/controlador_openLoop.dir/home/ines/pico/pico-sdk/src/rp2_common/pico_stdio_usb/stdio_usb.c.obj
                0x0000000010004e08                stdio_usb_set_chars_available_callback
 .text.usb_irq  0x0000000010004e1c       0x10 CMakeFiles/controlador_openLoop.dir/home/ines/pico/pico-sdk/src/rp2_common/pico_stdio_usb/stdio_usb.c.obj
 .text.timer_task
                0x0000000010004e2c       0x5c CMakeFiles/controlador_openLoop.dir/home/ines/pico/pico-sdk/src/rp2_common/pico_stdio_usb/stdio_usb.c.obj
 .text.low_priority_worker_irq
                0x0000000010004e88       0xdc CMakeFiles/controlador_openLoop.dir/home/ines/pico/pico-sdk/src/rp2_common/pico_stdio_usb/stdio_usb.c.obj
 .text.tud_cdc_rx_cb
                0x0000000010004f64       0x20 CMakeFiles/controlador_openLoop.dir/home/ines/pico/pico-sdk/src/rp2_common/pico_stdio_usb/stdio_usb.c.obj
                0x0000000010004f64                tud_cdc_rx_cb
 .text.stdio_usb_init
                0x0000000010004f84      0x11c CMakeFiles/controlador_openLoop.dir/home/ines/pico/pico-sdk/src/rp2_common/pico_stdio_usb/stdio_usb.c.obj
                0x0000000010004f84                stdio_usb_init
 .text.stdio_usb_connected
                0x00000000100050a0        0xa CMakeFiles/controlador_openLoop.dir/home/ines/pico/pico-sdk/src/rp2_common/pico_stdio_usb/stdio_usb.c.obj
                0x00000000100050a0                stdio_usb_connected
 *fill*         0x00000000100050aa        0x2 
 .text.stdio_usb_in_chars
                0x00000000100050ac       0xc4 CMakeFiles/controlador_openLoop.dir/home/ines/pico/pico-sdk/src/rp2_common/pico_stdio_usb/stdio_usb.c.obj
                0x00000000100050ac                stdio_usb_in_chars
 .text.stdio_usb_out_chars
                0x0000000010005170      0x114 CMakeFiles/controlador_openLoop.dir/home/ines/pico/pico-sdk/src/rp2_common/pico_stdio_usb/stdio_usb.c.obj
 .text.tud_descriptor_device_cb
                0x0000000010005284        0x8 CMakeFiles/controlador_openLoop.dir/home/ines/pico/pico-sdk/src/rp2_common/pico_stdio_usb/stdio_usb_descriptors.c.obj
                0x0000000010005284                tud_descriptor_device_cb
 .text.tud_descriptor_configuration_cb
                0x000000001000528c        0x8 CMakeFiles/controlador_openLoop.dir/home/ines/pico/pico-sdk/src/rp2_common/pico_stdio_usb/stdio_usb_descriptors.c.obj
                0x000000001000528c                tud_descriptor_configuration_cb
 .text.tud_descriptor_string_cb
                0x0000000010005294       0x6c CMakeFiles/controlador_openLoop.dir/home/ines/pico/pico-sdk/src/rp2_common/pico_stdio_usb/stdio_usb_descriptors.c.obj
                0x0000000010005294                tud_descriptor_string_cb
 .text._retrieve_unique_id_on_boot
                0x0000000010005300       0x10 CMakeFiles/controlador_openLoop.dir/home/ines/pico/pico-sdk/src/rp2_common/pico_unique_id/unique_id.c.obj
 .text.pico_get_unique_board_id_string
                0x0000000010005310       0x60 CMakeFiles/controlador_openLoop.dir/home/ines/pico/pico-sdk/src/rp2_common/pico_unique_id/unique_id.c.obj
                0x0000000010005310                pico_get_unique_board_id_string
 .text.flash_get_unique_id
                0x0000000010005370       0x46 CMakeFiles/controlador_openLoop.dir/home/ines/pico/pico-sdk/src/rp2_common/hardware_flash/flash.c.obj
                0x0000000010005370                flash_get_unique_id
 *fill*         0x00000000100053b6        0x2 
 .text.hw_endpoint_get_by_addr
                0x00000000100053b8       0x18 CMakeFiles/controlador_openLoop.dir/home/ines/pico/pico-sdk/lib/tinyusb/src/portable/raspberrypi/rp2040/dcd_rp2040.c.obj
 .text._hw_endpoint_alloc
                0x00000000100053d0       0x70 CMakeFiles/controlador_openLoop.dir/home/ines/pico/pico-sdk/lib/tinyusb/src/portable/raspberrypi/rp2040/dcd_rp2040.c.obj
 .text.hw_endpoint_init
                0x0000000010005440       0x88 CMakeFiles/controlador_openLoop.dir/home/ines/pico/pico-sdk/lib/tinyusb/src/portable/raspberrypi/rp2040/dcd_rp2040.c.obj
 .text.hw_endpoint_xfer
                0x00000000100054c8       0x14 CMakeFiles/controlador_openLoop.dir/home/ines/pico/pico-sdk/lib/tinyusb/src/portable/raspberrypi/rp2040/dcd_rp2040.c.obj
 .text.dcd_int_enable
                0x00000000100054dc       0x2c CMakeFiles/controlador_openLoop.dir/home/ines/pico/pico-sdk/lib/tinyusb/src/portable/raspberrypi/rp2040/dcd_rp2040.c.obj
                0x00000000100054dc                dcd_int_enable
 .text.dcd_set_address
                0x0000000010005508       0x2c CMakeFiles/controlador_openLoop.dir/home/ines/pico/pico-sdk/lib/tinyusb/src/portable/raspberrypi/rp2040/dcd_rp2040.c.obj
                0x0000000010005508                dcd_set_address
 .text.dcd_connect
                0x0000000010005534       0x10 CMakeFiles/controlador_openLoop.dir/home/ines/pico/pico-sdk/lib/tinyusb/src/portable/raspberrypi/rp2040/dcd_rp2040.c.obj
                0x0000000010005534                dcd_connect
 .text.dcd_init
                0x0000000010005544       0x80 CMakeFiles/controlador_openLoop.dir/home/ines/pico/pico-sdk/lib/tinyusb/src/portable/raspberrypi/rp2040/dcd_rp2040.c.obj
                0x0000000010005544                dcd_init
 .text.dcd_edpt0_status_complete
                0x00000000100055c4       0x1c CMakeFiles/controlador_openLoop.dir/home/ines/pico/pico-sdk/lib/tinyusb/src/portable/raspberrypi/rp2040/dcd_rp2040.c.obj
                0x00000000100055c4                dcd_edpt0_status_complete
 .text.dcd_edpt_open
                0x00000000100055e0       0x40 CMakeFiles/controlador_openLoop.dir/home/ines/pico/pico-sdk/lib/tinyusb/src/portable/raspberrypi/rp2040/dcd_rp2040.c.obj
                0x00000000100055e0                dcd_edpt_open
 .text.dcd_edpt_close_all
                0x0000000010005620        0x8 CMakeFiles/controlador_openLoop.dir/home/ines/pico/pico-sdk/lib/tinyusb/src/portable/raspberrypi/rp2040/dcd_rp2040.c.obj
                0x0000000010005620                dcd_edpt_close_all
 .text.dcd_edpt_xfer
                0x0000000010005628       0x34 CMakeFiles/controlador_openLoop.dir/home/ines/pico/pico-sdk/lib/tinyusb/src/portable/raspberrypi/rp2040/dcd_rp2040.c.obj
                0x0000000010005628                dcd_edpt_xfer
 .text.dcd_edpt_stall
                0x000000001000565c       0x2c CMakeFiles/controlador_openLoop.dir/home/ines/pico/pico-sdk/lib/tinyusb/src/portable/raspberrypi/rp2040/dcd_rp2040.c.obj
                0x000000001000565c                dcd_edpt_stall
 .text.dcd_edpt_clear_stall
                0x0000000010005688       0x20 CMakeFiles/controlador_openLoop.dir/home/ines/pico/pico-sdk/lib/tinyusb/src/portable/raspberrypi/rp2040/dcd_rp2040.c.obj
                0x0000000010005688                dcd_edpt_clear_stall
 .text.rp2040_usb_init
                0x00000000100056a8       0x4c CMakeFiles/controlador_openLoop.dir/home/ines/pico/pico-sdk/lib/tinyusb/src/portable/raspberrypi/rp2040/rp2040_usb.c.obj
                0x00000000100056a8                rp2040_usb_init
 .text.hw_endpoint_xfer_start
                0x00000000100056f4       0x50 CMakeFiles/controlador_openLoop.dir/home/ines/pico/pico-sdk/lib/tinyusb/src/portable/raspberrypi/rp2040/rp2040_usb.c.obj
                0x00000000100056f4                hw_endpoint_xfer_start
 .text.configuration_reset
                0x0000000010005744       0x84 CMakeFiles/controlador_openLoop.dir/home/ines/pico/pico-sdk/lib/tinyusb/src/device/usbd.c.obj
 .text.usbd_reset
                0x00000000100057c8        0xc CMakeFiles/controlador_openLoop.dir/home/ines/pico/pico-sdk/lib/tinyusb/src/device/usbd.c.obj
 .text.invoke_class_control
                0x00000000100057d4       0x1a CMakeFiles/controlador_openLoop.dir/home/ines/pico/pico-sdk/lib/tinyusb/src/device/usbd.c.obj
 *fill*         0x00000000100057ee        0x2 
 .text.process_set_config
                0x00000000100057f0      0x178 CMakeFiles/controlador_openLoop.dir/home/ines/pico/pico-sdk/lib/tinyusb/src/device/usbd.c.obj
 .text.process_get_descriptor
                0x0000000010005968       0xdc CMakeFiles/controlador_openLoop.dir/home/ines/pico/pico-sdk/lib/tinyusb/src/device/usbd.c.obj
 .text.tud_mounted
                0x0000000010005a44       0x10 CMakeFiles/controlador_openLoop.dir/home/ines/pico/pico-sdk/lib/tinyusb/src/device/usbd.c.obj
                0x0000000010005a44                tud_mounted
 .text.tud_suspended
                0x0000000010005a54       0x10 CMakeFiles/controlador_openLoop.dir/home/ines/pico/pico-sdk/lib/tinyusb/src/device/usbd.c.obj
                0x0000000010005a54                tud_suspended
 .text.tud_inited
                0x0000000010005a64       0x14 CMakeFiles/controlador_openLoop.dir/home/ines/pico/pico-sdk/lib/tinyusb/src/device/usbd.c.obj
                0x0000000010005a64                tud_inited
 .text.tud_init
                0x0000000010005a78       0xcc CMakeFiles/controlador_openLoop.dir/home/ines/pico/pico-sdk/lib/tinyusb/src/device/usbd.c.obj
                0x0000000010005a78                tud_init
 .text.usbd_defer_func
                0x0000000010005b44       0x2a CMakeFiles/controlador_openLoop.dir/home/ines/pico/pico-sdk/lib/tinyusb/src/device/usbd.c.obj
                0x0000000010005b44                usbd_defer_func
 *fill*         0x0000000010005b6e        0x2 
 .text.usbd_edpt_open
                0x0000000010005b70       0x34 CMakeFiles/controlador_openLoop.dir/home/ines/pico/pico-sdk/lib/tinyusb/src/device/usbd.c.obj
                0x0000000010005b70                usbd_edpt_open
 .text.usbd_open_edpt_pair
                0x0000000010005ba4       0x62 CMakeFiles/controlador_openLoop.dir/home/ines/pico/pico-sdk/lib/tinyusb/src/device/usbd.c.obj
                0x0000000010005ba4                usbd_open_edpt_pair
 *fill*         0x0000000010005c06        0x2 
 .text.usbd_edpt_claim
                0x0000000010005c08       0x28 CMakeFiles/controlador_openLoop.dir/home/ines/pico/pico-sdk/lib/tinyusb/src/device/usbd.c.obj
                0x0000000010005c08                usbd_edpt_claim
 .text.usbd_edpt_release
                0x0000000010005c30       0x28 CMakeFiles/controlador_openLoop.dir/home/ines/pico/pico-sdk/lib/tinyusb/src/device/usbd.c.obj
                0x0000000010005c30                usbd_edpt_release
 .text.usbd_edpt_xfer
                0x0000000010005c58       0x78 CMakeFiles/controlador_openLoop.dir/home/ines/pico/pico-sdk/lib/tinyusb/src/device/usbd.c.obj
                0x0000000010005c58                usbd_edpt_xfer
 .text.usbd_edpt_stall
                0x0000000010005cd0       0x48 CMakeFiles/controlador_openLoop.dir/home/ines/pico/pico-sdk/lib/tinyusb/src/device/usbd.c.obj
                0x0000000010005cd0                usbd_edpt_stall
 .text.usbd_edpt_clear_stall
                0x0000000010005d18       0x48 CMakeFiles/controlador_openLoop.dir/home/ines/pico/pico-sdk/lib/tinyusb/src/device/usbd.c.obj
                0x0000000010005d18                usbd_edpt_clear_stall
 .text.usbd_edpt_stalled
                0x0000000010005d60       0x1c CMakeFiles/controlador_openLoop.dir/home/ines/pico/pico-sdk/lib/tinyusb/src/device/usbd.c.obj
                0x0000000010005d60                usbd_edpt_stalled
 .text.process_control_request
                0x0000000010005d7c      0x37c CMakeFiles/controlador_openLoop.dir/home/ines/pico/pico-sdk/lib/tinyusb/src/device/usbd.c.obj
 .text.tud_task_ext
                0x00000000100060f8      0x1b8 CMakeFiles/controlador_openLoop.dir/home/ines/pico/pico-sdk/lib/tinyusb/src/device/usbd.c.obj
                0x00000000100060f8                tud_task_ext
 .text._data_stage_xact
                0x00000000100062b0       0x58 CMakeFiles/controlador_openLoop.dir/home/ines/pico/pico-sdk/lib/tinyusb/src/device/usbd_control.c.obj
 .text.tud_control_status
                0x0000000010006308       0x38 CMakeFiles/controlador_openLoop.dir/home/ines/pico/pico-sdk/lib/tinyusb/src/device/usbd_control.c.obj
                0x0000000010006308                tud_control_status
 .text.tud_control_xfer
                0x0000000010006340       0x74 CMakeFiles/controlador_openLoop.dir/home/ines/pico/pico-sdk/lib/tinyusb/src/device/usbd_control.c.obj
                0x0000000010006340                tud_control_xfer
 .text.usbd_control_reset
                0x00000000100063b4       0x14 CMakeFiles/controlador_openLoop.dir/home/ines/pico/pico-sdk/lib/tinyusb/src/device/usbd_control.c.obj
                0x00000000100063b4                usbd_control_reset
 .text.usbd_control_set_complete_callback
                0x00000000100063c8        0xc CMakeFiles/controlador_openLoop.dir/home/ines/pico/pico-sdk/lib/tinyusb/src/device/usbd_control.c.obj
                0x00000000100063c8                usbd_control_set_complete_callback
 .text.usbd_control_set_request
                0x00000000100063d4       0x1c CMakeFiles/controlador_openLoop.dir/home/ines/pico/pico-sdk/lib/tinyusb/src/device/usbd_control.c.obj
                0x00000000100063d4                usbd_control_set_request
 .text.usbd_control_xfer_cb
                0x00000000100063f0       0xcc CMakeFiles/controlador_openLoop.dir/home/ines/pico/pico-sdk/lib/tinyusb/src/device/usbd_control.c.obj
                0x00000000100063f0                usbd_control_xfer_cb
 .text._prep_out_transaction
                0x00000000100064bc       0x4a CMakeFiles/controlador_openLoop.dir/home/ines/pico/pico-sdk/lib/tinyusb/src/class/cdc/cdc_device.c.obj
 *fill*         0x0000000010006506        0x2 
 .text.tud_cdc_n_connected
                0x0000000010006508       0x44 CMakeFiles/controlador_openLoop.dir/home/ines/pico/pico-sdk/lib/tinyusb/src/class/cdc/cdc_device.c.obj
                0x0000000010006508                tud_cdc_n_connected
 .text.tud_cdc_n_available
                0x000000001000654c       0x18 CMakeFiles/controlador_openLoop.dir/home/ines/pico/pico-sdk/lib/tinyusb/src/class/cdc/cdc_device.c.obj
                0x000000001000654c                tud_cdc_n_available
 .text.tud_cdc_n_read
                0x0000000010006564       0x28 CMakeFiles/controlador_openLoop.dir/home/ines/pico/pico-sdk/lib/tinyusb/src/class/cdc/cdc_device.c.obj
                0x0000000010006564                tud_cdc_n_read
 .text.tud_cdc_n_write_flush
                0x000000001000658c       0xb8 CMakeFiles/controlador_openLoop.dir/home/ines/pico/pico-sdk/lib/tinyusb/src/class/cdc/cdc_device.c.obj
                0x000000001000658c                tud_cdc_n_write_flush
 .text.tud_cdc_n_write
                0x0000000010006644       0x38 CMakeFiles/controlador_openLoop.dir/home/ines/pico/pico-sdk/lib/tinyusb/src/class/cdc/cdc_device.c.obj
                0x0000000010006644                tud_cdc_n_write
 .text.tud_cdc_n_write_available
                0x000000001000667c       0x1c CMakeFiles/controlador_openLoop.dir/home/ines/pico/pico-sdk/lib/tinyusb/src/class/cdc/cdc_device.c.obj
                0x000000001000667c                tud_cdc_n_write_available
 .text.cdcd_init
                0x0000000010006698       0xbc CMakeFiles/controlador_openLoop.dir/home/ines/pico/pico-sdk/lib/tinyusb/src/class/cdc/cdc_device.c.obj
                0x0000000010006698                cdcd_init
 .text.cdcd_reset
                0x0000000010006754       0x44 CMakeFiles/controlador_openLoop.dir/home/ines/pico/pico-sdk/lib/tinyusb/src/class/cdc/cdc_device.c.obj
                0x0000000010006754                cdcd_reset
 .text.cdcd_open
                0x0000000010006798       0xcc CMakeFiles/controlador_openLoop.dir/home/ines/pico/pico-sdk/lib/tinyusb/src/class/cdc/cdc_device.c.obj
                0x0000000010006798                cdcd_open
 .text.cdcd_control_xfer_cb
                0x0000000010006864      0x134 CMakeFiles/controlador_openLoop.dir/home/ines/pico/pico-sdk/lib/tinyusb/src/class/cdc/cdc_device.c.obj
                0x0000000010006864                cdcd_control_xfer_cb
 .text.cdcd_xfer_cb
                0x0000000010006998      0x130 CMakeFiles/controlador_openLoop.dir/home/ines/pico/pico-sdk/lib/tinyusb/src/class/cdc/cdc_device.c.obj
                0x0000000010006998                cdcd_xfer_cb
 .text.tusb_init
                0x0000000010006ac8        0xa CMakeFiles/controlador_openLoop.dir/home/ines/pico/pico-sdk/lib/tinyusb/src/tusb.c.obj
                0x0000000010006ac8                tusb_init
 .text.tusb_inited
                0x0000000010006ad2        0xe CMakeFiles/controlador_openLoop.dir/home/ines/pico/pico-sdk/lib/tinyusb/src/tusb.c.obj
                0x0000000010006ad2                tusb_inited
 .text.tu_edpt_claim
                0x0000000010006ae0       0x50 CMakeFiles/controlador_openLoop.dir/home/ines/pico/pico-sdk/lib/tinyusb/src/tusb.c.obj
                0x0000000010006ae0                tu_edpt_claim
 .text.tu_edpt_release
                0x0000000010006b30       0x3c CMakeFiles/controlador_openLoop.dir/home/ines/pico/pico-sdk/lib/tinyusb/src/tusb.c.obj
                0x0000000010006b30                tu_edpt_release
 .text.tu_edpt_validate
                0x0000000010006b6c       0x78 CMakeFiles/controlador_openLoop.dir/home/ines/pico/pico-sdk/lib/tinyusb/src/tusb.c.obj
                0x0000000010006b6c                tu_edpt_validate
 .text.tu_edpt_bind_driver
                0x0000000010006be4       0x26 CMakeFiles/controlador_openLoop.dir/home/ines/pico/pico-sdk/lib/tinyusb/src/tusb.c.obj
                0x0000000010006be4                tu_edpt_bind_driver
 .text.advance_index
                0x0000000010006c0a       0x1a CMakeFiles/controlador_openLoop.dir/home/ines/pico/pico-sdk/lib/tinyusb/src/common/tusb_fifo.c.obj
 .text._tu_fifo_peek
                0x0000000010006c24       0x56 CMakeFiles/controlador_openLoop.dir/home/ines/pico/pico-sdk/lib/tinyusb/src/common/tusb_fifo.c.obj
 .text._ff_pull_const_addr
                0x0000000010006c7a       0x4c CMakeFiles/controlador_openLoop.dir/home/ines/pico/pico-sdk/lib/tinyusb/src/common/tusb_fifo.c.obj
 .text._ff_pull_n
                0x0000000010006cc6      0x110 CMakeFiles/controlador_openLoop.dir/home/ines/pico/pico-sdk/lib/tinyusb/src/common/tusb_fifo.c.obj
 .text._tu_fifo_peek_n
                0x0000000010006dd6       0x6a CMakeFiles/controlador_openLoop.dir/home/ines/pico/pico-sdk/lib/tinyusb/src/common/tusb_fifo.c.obj
 .text._tu_fifo_read_n
                0x0000000010006e40       0x4e CMakeFiles/controlador_openLoop.dir/home/ines/pico/pico-sdk/lib/tinyusb/src/common/tusb_fifo.c.obj
 .text._ff_push_const_addr
                0x0000000010006e8e       0x40 CMakeFiles/controlador_openLoop.dir/home/ines/pico/pico-sdk/lib/tinyusb/src/common/tusb_fifo.c.obj
 .text._ff_push_n
                0x0000000010006ece      0x10c CMakeFiles/controlador_openLoop.dir/home/ines/pico/pico-sdk/lib/tinyusb/src/common/tusb_fifo.c.obj
 .text._tu_fifo_write_n
                0x0000000010006fda       0xf0 CMakeFiles/controlador_openLoop.dir/home/ines/pico/pico-sdk/lib/tinyusb/src/common/tusb_fifo.c.obj
 .text.tu_fifo_config
                0x00000000100070ca       0x7c CMakeFiles/controlador_openLoop.dir/home/ines/pico/pico-sdk/lib/tinyusb/src/common/tusb_fifo.c.obj
                0x00000000100070ca                tu_fifo_config
 .text.tu_fifo_count
                0x0000000010007146       0x2a CMakeFiles/controlador_openLoop.dir/home/ines/pico/pico-sdk/lib/tinyusb/src/common/tusb_fifo.c.obj
                0x0000000010007146                tu_fifo_count
 .text.tu_fifo_empty
                0x0000000010007170       0x10 CMakeFiles/controlador_openLoop.dir/home/ines/pico/pico-sdk/lib/tinyusb/src/common/tusb_fifo.c.obj
                0x0000000010007170                tu_fifo_empty
 .text.tu_fifo_full
                0x0000000010007180       0x28 CMakeFiles/controlador_openLoop.dir/home/ines/pico/pico-sdk/lib/tinyusb/src/common/tusb_fifo.c.obj
                0x0000000010007180                tu_fifo_full
 .text.tu_fifo_remaining
                0x00000000100071a8       0x2c CMakeFiles/controlador_openLoop.dir/home/ines/pico/pico-sdk/lib/tinyusb/src/common/tusb_fifo.c.obj
                0x00000000100071a8                tu_fifo_remaining
 .text.tu_fifo_read
                0x00000000100071d4       0x42 CMakeFiles/controlador_openLoop.dir/home/ines/pico/pico-sdk/lib/tinyusb/src/common/tusb_fifo.c.obj
                0x00000000100071d4                tu_fifo_read
 .text.tu_fifo_read_n
                0x0000000010007216        0xa CMakeFiles/controlador_openLoop.dir/home/ines/pico/pico-sdk/lib/tinyusb/src/common/tusb_fifo.c.obj
                0x0000000010007216                tu_fifo_read_n
 .text.tu_fifo_write
                0x0000000010007220       0x64 CMakeFiles/controlador_openLoop.dir/home/ines/pico/pico-sdk/lib/tinyusb/src/common/tusb_fifo.c.obj
                0x0000000010007220                tu_fifo_write
 .text.tu_fifo_write_n
                0x0000000010007284        0xa CMakeFiles/controlador_openLoop.dir/home/ines/pico/pico-sdk/lib/tinyusb/src/common/tusb_fifo.c.obj
                0x0000000010007284                tu_fifo_write_n
 .text.tu_fifo_clear
                0x000000001000728e       0x3e CMakeFiles/controlador_openLoop.dir/home/ines/pico/pico-sdk/lib/tinyusb/src/common/tusb_fifo.c.obj
                0x000000001000728e                tu_fifo_clear
 .text.tu_fifo_set_overwritable
                0x00000000100072cc       0x46 CMakeFiles/controlador_openLoop.dir/home/ines/pico/pico-sdk/lib/tinyusb/src/common/tusb_fifo.c.obj
                0x00000000100072cc                tu_fifo_set_overwritable
 *fill*         0x0000000010007312        0x2 
 .text.adc_init
                0x0000000010007314       0x34 CMakeFiles/controlador_openLoop.dir/home/ines/pico/pico-sdk/src/rp2_common/hardware_adc/adc.c.obj
                0x0000000010007314                adc_init
 .text          0x0000000010007348       0x5c /usr/lib/gcc/arm-none-eabi/10.3.1/../../../arm-none-eabi/lib/thumb/v6-m/nofp/libg.a(lib_a-strlen-stub.o)
                0x0000000010007348                strlen
 *(.fini)
 .fini          0x00000000100073a4        0x4 /usr/lib/gcc/arm-none-eabi/10.3.1/thumb/v6-m/nofp/crti.o
                0x00000000100073a4                _fini
 .fini.__stub   0x00000000100073a8       0xe0 linker stubs
 *crtbegin.o(.ctors)
 *crtbegin?.o(.ctors)
 *(EXCLUDE_FILE(*crtend.o *crtend?.o) .ctors)
 *(SORT_BY_NAME(.ctors.*))
 *(.ctors)
 *crtbegin.o(.dtors)
 *crtbegin?.o(.dtors)
 *(EXCLUDE_FILE(*crtend.o *crtend?.o) .dtors)
 *(SORT_BY_NAME(.dtors.*))
 *(.dtors)
 *(.eh_frame*)
 .eh_frame      0x0000000010007488        0x0 /usr/lib/gcc/arm-none-eabi/10.3.1/thumb/v6-m/nofp/crtbegin.o
                0x0000000010007488                . = ALIGN (0x4)

.glue_7         0x0000000010007488        0x0
 .glue_7        0x0000000010007488        0x0 linker stubs

.glue_7t        0x0000000010007488        0x0
 .glue_7t       0x0000000010007488        0x0 linker stubs

.vfp11_veneer   0x0000000010007488        0x0
 .vfp11_veneer  0x0000000010007488        0x0 linker stubs

.v4_bx          0x0000000010007488        0x0
 .v4_bx         0x0000000010007488        0x0 linker stubs

.iplt           0x0000000010007488        0x0
 .iplt          0x0000000010007488        0x0 /usr/lib/gcc/arm-none-eabi/10.3.1/thumb/v6-m/nofp/crtbegin.o

.rodata         0x0000000010007488     0x1558
 *(EXCLUDE_FILE(*libm.a: *libc.a:*lib_a-mem*.o *libgcc.a:) .rodata*)
 .rodata.writePWM
                0x0000000010007488       0x1c CMakeFiles/controlador_openLoop.dir/controlador_openLoop.c.obj
 .rodata.spin_lock_claim_unused.str1.4
                0x00000000100074a4       0x1b CMakeFiles/controlador_openLoop.dir/home/ines/pico/pico-sdk/src/rp2_common/hardware_sync/sync.c.obj
 *fill*         0x00000000100074bf        0x1 
 .rodata.make_branch.str1.4
                0x00000000100074c0       0x6b CMakeFiles/controlador_openLoop.dir/home/ines/pico/pico-sdk/src/rp2_common/hardware_irq/irq.c.obj
 *fill*         0x000000001000752b        0x1 
 .rodata.insert_branch_and_link.str1.4
                0x000000001000752c       0x10 CMakeFiles/controlador_openLoop.dir/home/ines/pico/pico-sdk/src/rp2_common/hardware_irq/irq.c.obj
 .rodata.irq_set_exclusive_handler.str1.4
                0x000000001000753c       0x36 CMakeFiles/controlador_openLoop.dir/home/ines/pico/pico-sdk/src/rp2_common/hardware_irq/irq.c.obj
 *fill*         0x0000000010007572        0x2 
 .rodata.irq_add_shared_handler.str1.4
                0x0000000010007574       0xd9 CMakeFiles/controlador_openLoop.dir/home/ines/pico/pico-sdk/src/rp2_common/hardware_irq/irq.c.obj
 *fill*         0x000000001000764d        0x3 
 .rodata.irq_remove_handler.str1.4
                0x0000000010007650       0x3a CMakeFiles/controlador_openLoop.dir/home/ines/pico/pico-sdk/src/rp2_common/hardware_irq/irq.c.obj
 *fill*         0x000000001000768a        0x2 
 .rodata.irq_add_tail_to_free_list.str1.4
                0x000000001000768c       0x3a CMakeFiles/controlador_openLoop.dir/home/ines/pico/pico-sdk/src/rp2_common/hardware_irq/irq.c.obj
 *fill*         0x00000000100076c6        0x2 
 .rodata.user_irq_claim_unused.str1.4
                0x00000000100076c8       0x1b CMakeFiles/controlador_openLoop.dir/home/ines/pico/pico-sdk/src/rp2_common/hardware_irq/irq.c.obj
 *fill*         0x00000000100076e3        0x1 
 .rodata.__func__.0
                0x00000000100076e4       0x1a CMakeFiles/controlador_openLoop.dir/home/ines/pico/pico-sdk/src/rp2_common/hardware_irq/irq.c.obj
 *fill*         0x00000000100076fe        0x2 
 .rodata.__func__.1
                0x0000000010007700       0x17 CMakeFiles/controlador_openLoop.dir/home/ines/pico/pico-sdk/src/rp2_common/hardware_irq/irq.c.obj
 *fill*         0x0000000010007717        0x1 
 .rodata.__func__.2
                0x0000000010007718       0x13 CMakeFiles/controlador_openLoop.dir/home/ines/pico/pico-sdk/src/rp2_common/hardware_irq/irq.c.obj
 *fill*         0x000000001000772b        0x1 
 .rodata.__func__.3
                0x000000001000772c        0xc CMakeFiles/controlador_openLoop.dir/home/ines/pico/pico-sdk/src/rp2_common/hardware_irq/irq.c.obj
 .rodata.__func__.4
                0x0000000010007738        0xf CMakeFiles/controlador_openLoop.dir/home/ines/pico/pico-sdk/src/rp2_common/hardware_irq/irq.c.obj
 *fill*         0x0000000010007747        0x1 
 .rodata.__func__.5
                0x0000000010007748       0x17 CMakeFiles/controlador_openLoop.dir/home/ines/pico/pico-sdk/src/rp2_common/hardware_irq/irq.c.obj
 *fill*         0x000000001000775f        0x1 
 .rodata.__func__.6
                0x0000000010007760       0x1a CMakeFiles/controlador_openLoop.dir/home/ines/pico/pico-sdk/src/rp2_common/hardware_irq/irq.c.obj
 *fill*         0x000000001000777a        0x2 
 .rodata.str1.4
                0x000000001000777c       0xe9 CMakeFiles/controlador_openLoop.dir/home/ines/pico/pico-sdk/src/common/pico_sync/mutex.c.obj
 *fill*         0x0000000010007865        0x3 
 .rodata.__func__.1
                0x0000000010007868        0xb CMakeFiles/controlador_openLoop.dir/home/ines/pico/pico-sdk/src/common/pico_sync/mutex.c.obj
 *fill*         0x0000000010007873        0x1 
 .rodata.__func__.3
                0x0000000010007874       0x18 CMakeFiles/controlador_openLoop.dir/home/ines/pico/pico-sdk/src/common/pico_sync/mutex.c.obj
 .rodata.__func__.4
                0x000000001000788c       0x15 CMakeFiles/controlador_openLoop.dir/home/ines/pico/pico-sdk/src/common/pico_sync/mutex.c.obj
 *fill*         0x00000000100078a1        0x3 
 .rodata.repeating_timer_callback.str1.4
                0x00000000100078a4       0x49 CMakeFiles/controlador_openLoop.dir/home/ines/pico/pico-sdk/src/common/pico_time/time.c.obj
 *fill*         0x00000000100078ed        0x3 
 .rodata.timer_pool_entry_comparator.str1.4
                0x00000000100078f0       0x22 CMakeFiles/controlador_openLoop.dir/home/ines/pico/pico-sdk/src/common/pico_time/time.c.obj
 *fill*         0x0000000010007912        0x2 
 .rodata.ph_add_child_node.str1.4
                0x0000000010007914       0x92 CMakeFiles/controlador_openLoop.dir/home/ines/pico/pico-sdk/src/common/pico_time/time.c.obj
 *fill*         0x00000000100079a6        0x2 
 .rodata.add_alarm_under_lock.str1.4
                0x00000000100079a8       0x28 CMakeFiles/controlador_openLoop.dir/home/ines/pico/pico-sdk/src/common/pico_time/time.c.obj
                                         0x2b (size before relaxing)
 .rodata.alarm_pool_alarm_callback.str1.4
                0x00000000100079d0       0x98 CMakeFiles/controlador_openLoop.dir/home/ines/pico/pico-sdk/src/common/pico_time/time.c.obj
                                         0xf8 (size before relaxing)
 .rodata.alarm_pool_get_default.str1.4
                0x0000000010007a68       0x21 CMakeFiles/controlador_openLoop.dir/home/ines/pico/pico-sdk/src/common/pico_time/time.c.obj
 *fill*         0x0000000010007a89        0x3 
 .rodata.alarm_pool_cancel_alarm.str1.4
                0x0000000010007a8c       0x27 CMakeFiles/controlador_openLoop.dir/home/ines/pico/pico-sdk/src/common/pico_time/time.c.obj
 *fill*         0x0000000010007ab3        0x1 
 .rodata.sleep_until.str1.4
                0x0000000010007ab4       0x4d CMakeFiles/controlador_openLoop.dir/home/ines/pico/pico-sdk/src/common/pico_time/time.c.obj
 *fill*         0x0000000010007b01        0x3 
 .rodata.__func__.1
                0x0000000010007b04       0x18 CMakeFiles/controlador_openLoop.dir/home/ines/pico/pico-sdk/src/common/pico_time/time.c.obj
 .rodata.__func__.10
                0x0000000010007b1c       0x15 CMakeFiles/controlador_openLoop.dir/home/ines/pico/pico-sdk/src/common/pico_time/time.c.obj
 *fill*         0x0000000010007b31        0x3 
 .rodata.__func__.11
                0x0000000010007b34       0x1a CMakeFiles/controlador_openLoop.dir/home/ines/pico/pico-sdk/src/common/pico_time/time.c.obj
 *fill*         0x0000000010007b4e        0x2 
 .rodata.__func__.12
                0x0000000010007b50        0xa CMakeFiles/controlador_openLoop.dir/home/ines/pico/pico-sdk/src/common/pico_time/time.c.obj
 *fill*         0x0000000010007b5a        0x2 
 .rodata.__func__.3
                0x0000000010007b5c       0x17 CMakeFiles/controlador_openLoop.dir/home/ines/pico/pico-sdk/src/common/pico_time/time.c.obj
 *fill*         0x0000000010007b73        0x1 
 .rodata.__func__.4
                0x0000000010007b74       0x12 CMakeFiles/controlador_openLoop.dir/home/ines/pico/pico-sdk/src/common/pico_time/time.c.obj
 *fill*         0x0000000010007b86        0x2 
 .rodata.__func__.5
                0x0000000010007b88        0xd CMakeFiles/controlador_openLoop.dir/home/ines/pico/pico-sdk/src/common/pico_time/time.c.obj
 *fill*         0x0000000010007b95        0x3 
 .rodata.__func__.6
                0x0000000010007b98       0x12 CMakeFiles/controlador_openLoop.dir/home/ines/pico/pico-sdk/src/common/pico_time/time.c.obj
 *fill*         0x0000000010007baa        0x2 
 .rodata.__func__.7
                0x0000000010007bac        0xf CMakeFiles/controlador_openLoop.dir/home/ines/pico/pico-sdk/src/common/pico_time/time.c.obj
 *fill*         0x0000000010007bbb        0x1 
 .rodata.__func__.8
                0x0000000010007bbc        0xc CMakeFiles/controlador_openLoop.dir/home/ines/pico/pico-sdk/src/common/pico_time/time.c.obj
 .rodata.__func__.9
                0x0000000010007bc8       0x15 CMakeFiles/controlador_openLoop.dir/home/ines/pico/pico-sdk/src/common/pico_time/time.c.obj
 *fill*         0x0000000010007bdd        0x3 
 .rodata.hardware_alarm_claim.str1.4
                0x0000000010007be0       0x22 CMakeFiles/controlador_openLoop.dir/home/ines/pico/pico-sdk/src/rp2_common/hardware_timer/timer.c.obj
 *fill*         0x0000000010007c02        0x2 
 .rodata.hardware_alarm_set_target.str1.4
                0x0000000010007c04       0x63 CMakeFiles/controlador_openLoop.dir/home/ines/pico/pico-sdk/src/rp2_common/hardware_timer/timer.c.obj
 *fill*         0x0000000010007c67        0x1 
 .rodata.__func__.0
                0x0000000010007c68       0x1a CMakeFiles/controlador_openLoop.dir/home/ines/pico/pico-sdk/src/rp2_common/hardware_timer/timer.c.obj
 .rodata.ph_add_child_node.str1.4
                0x0000000010007c82       0x92 CMakeFiles/controlador_openLoop.dir/home/ines/pico/pico-sdk/src/common/pico_util/pheap.c.obj
 *fill*         0x0000000010007c82        0x2 
 .rodata.ph_remove_any_head.str1.4
                0x0000000010007c84       0x8c CMakeFiles/controlador_openLoop.dir/home/ines/pico/pico-sdk/src/common/pico_util/pheap.c.obj
                                         0xa0 (size before relaxing)
 .rodata.ph_remove_and_free_node.str1.4
                0x0000000010007d10       0x1e CMakeFiles/controlador_openLoop.dir/home/ines/pico/pico-sdk/src/common/pico_util/pheap.c.obj
                                         0x26 (size before relaxing)
 *fill*         0x0000000010007d2e        0x2 
 .rodata.__func__.0
                0x0000000010007d30       0x18 CMakeFiles/controlador_openLoop.dir/home/ines/pico/pico-sdk/src/common/pico_util/pheap.c.obj
 .rodata.__func__.1
                0x0000000010007d48       0x13 CMakeFiles/controlador_openLoop.dir/home/ines/pico/pico-sdk/src/common/pico_util/pheap.c.obj
 *fill*         0x0000000010007d5b        0x1 
 .rodata.__func__.2
                0x0000000010007d5c       0x12 CMakeFiles/controlador_openLoop.dir/home/ines/pico/pico-sdk/src/common/pico_util/pheap.c.obj
 *fill*         0x0000000010007d6e        0x2 
 .rodata.__func__.3
                0x0000000010007d70        0xc CMakeFiles/controlador_openLoop.dir/home/ines/pico/pico-sdk/src/common/pico_util/pheap.c.obj
 .rodata.clock_configure.str1.4
                0x0000000010007d7c       0x55 CMakeFiles/controlador_openLoop.dir/home/ines/pico/pico-sdk/src/rp2_common/hardware_clocks/clocks.c.obj
 *fill*         0x0000000010007dd1        0x3 
 .rodata.__func__.1
                0x0000000010007dd4       0x10 CMakeFiles/controlador_openLoop.dir/home/ines/pico/pico-sdk/src/rp2_common/hardware_clocks/clocks.c.obj
 .rodata.pll_init.str1.4
                0x0000000010007de4      0x120 CMakeFiles/controlador_openLoop.dir/home/ines/pico/pico-sdk/src/rp2_common/hardware_pll/pll.c.obj
 .rodata.__func__.0
                0x0000000010007f04        0x9 CMakeFiles/controlador_openLoop.dir/home/ines/pico/pico-sdk/src/rp2_common/hardware_pll/pll.c.obj
 *fill*         0x0000000010007f0d        0x3 
 .rodata.__assert_func.str1.4
                0x0000000010007f10       0x3f CMakeFiles/controlador_openLoop.dir/home/ines/pico/pico-sdk/src/rp2_common/pico_runtime/runtime.c.obj
                                         0x43 (size before relaxing)
 *fill*         0x0000000010007f4f        0x1 
 .rodata.runtime_init.str1.4
                0x0000000010007f50       0x5f CMakeFiles/controlador_openLoop.dir/home/ines/pico/pico-sdk/src/rp2_common/pico_runtime/runtime.c.obj
 *fill*         0x0000000010007faf        0x1 
 .rodata.panic.str1.4
                0x0000000010007fb0       0x12 CMakeFiles/controlador_openLoop.dir/home/ines/pico/pico-sdk/src/rp2_common/pico_runtime/runtime.c.obj
 *fill*         0x0000000010007fc2        0x2 
 .rodata.__func__.2
                0x0000000010007fc4        0xd CMakeFiles/controlador_openLoop.dir/home/ines/pico/pico-sdk/src/rp2_common/pico_runtime/runtime.c.obj
 *fill*         0x0000000010007fd1        0x3 
 .rodata._ftoa.str1.4
                0x0000000010007fd4       0x15 CMakeFiles/controlador_openLoop.dir/home/ines/pico/pico-sdk/src/rp2_common/pico_printf/printf.c.obj
 *fill*         0x0000000010007fe9        0x3 
 .rodata._vsnprintf
                0x0000000010007fec      0x1e0 CMakeFiles/controlador_openLoop.dir/home/ines/pico/pico-sdk/src/rp2_common/pico_printf/printf.c.obj
 *fill*         0x00000000100081cc        0x4 
 .rodata.pow10.0
                0x00000000100081d0       0x50 CMakeFiles/controlador_openLoop.dir/home/ines/pico/pico-sdk/src/rp2_common/pico_printf/printf.c.obj
 .rodata.__aeabi_double_init.str1.4
                0x0000000010008220       0x9a CMakeFiles/controlador_openLoop.dir/home/ines/pico/pico-sdk/src/rp2_common/pico_double/double_init_rom.c.obj
 *fill*         0x00000000100082ba        0x2 
 .rodata.__func__.0
                0x00000000100082bc       0x14 CMakeFiles/controlador_openLoop.dir/home/ines/pico/pico-sdk/src/rp2_common/pico_double/double_init_rom.c.obj
 .rodata.__aeabi_float_init.str1.4
                0x00000000100082d0       0x78 CMakeFiles/controlador_openLoop.dir/home/ines/pico/pico-sdk/src/rp2_common/pico_float/float_init_rom.c.obj
                                         0x7c (size before relaxing)
 .rodata.__func__.0
                0x0000000010008348       0x13 CMakeFiles/controlador_openLoop.dir/home/ines/pico/pico-sdk/src/rp2_common/pico_float/float_init_rom.c.obj
 *fill*         0x000000001000835b        0x1 
 .rodata.str1.4
                0x000000001000835c       0x4c CMakeFiles/controlador_openLoop.dir/home/ines/pico/pico-sdk/src/rp2_common/pico_standard_link/binary_info.c.obj
 .rodata.__bi_44
                0x00000000100083a8        0xc CMakeFiles/controlador_openLoop.dir/home/ines/pico/pico-sdk/src/rp2_common/pico_standard_link/binary_info.c.obj
 .rodata.__bi_75
                0x00000000100083b4        0xc CMakeFiles/controlador_openLoop.dir/home/ines/pico/pico-sdk/src/rp2_common/pico_standard_link/binary_info.c.obj
 .rodata.__bi_81
                0x00000000100083c0        0xc CMakeFiles/controlador_openLoop.dir/home/ines/pico/pico-sdk/src/rp2_common/pico_standard_link/binary_info.c.obj
 .rodata.stdout_serialize_begin.str1.4
                0x00000000100083cc       0x5f CMakeFiles/controlador_openLoop.dir/home/ines/pico/pico-sdk/src/rp2_common/pico_stdio/stdio.c.obj
 .rodata.__func__.3
                0x00000000100083cc       0x15 CMakeFiles/controlador_openLoop.dir/home/ines/pico/pico-sdk/src/rp2_common/pico_stdio/stdio.c.obj
 *fill*         0x00000000100083e1        0x3 
 .rodata.crlf_str.2
                0x00000000100083e4        0x2 CMakeFiles/controlador_openLoop.dir/home/ines/pico/pico-sdk/src/rp2_common/pico_stdio/stdio.c.obj
 *fill*         0x00000000100083e6        0x2 
 .rodata._resetd_driver
                0x00000000100083e8       0x18 CMakeFiles/controlador_openLoop.dir/home/ines/pico/pico-sdk/src/rp2_common/pico_stdio_usb/reset_interface.c.obj
 .rodata.low_priority_worker_irq.str1.4
                0x0000000010008400       0x5f CMakeFiles/controlador_openLoop.dir/home/ines/pico/pico-sdk/src/rp2_common/pico_stdio_usb/stdio_usb.c.obj
 .rodata.stdio_usb_init.str1.4
                0x0000000010008400       0x43 CMakeFiles/controlador_openLoop.dir/home/ines/pico/pico-sdk/src/rp2_common/pico_stdio_usb/stdio_usb.c.obj
                                         0x4b (size before relaxing)
 *fill*         0x0000000010008443        0x1 
 .rodata.str1.4
                0x0000000010008444       0x13 CMakeFiles/controlador_openLoop.dir/home/ines/pico/pico-sdk/src/rp2_common/pico_stdio_usb/stdio_usb.c.obj
 *fill*         0x0000000010008457        0x1 
 .rodata.__bi_182.0
                0x0000000010008458        0xc CMakeFiles/controlador_openLoop.dir/home/ines/pico/pico-sdk/src/rp2_common/pico_stdio_usb/stdio_usb.c.obj
 .rodata.__func__.1
                0x0000000010008464        0xf CMakeFiles/controlador_openLoop.dir/home/ines/pico/pico-sdk/src/rp2_common/pico_stdio_usb/stdio_usb.c.obj
 *fill*         0x0000000010008473        0x1 
 .rodata.__func__.3
                0x0000000010008474       0x15 CMakeFiles/controlador_openLoop.dir/home/ines/pico/pico-sdk/src/rp2_common/pico_stdio_usb/stdio_usb.c.obj
 *fill*         0x0000000010008489        0x3 
 .rodata.str1.4
                0x000000001000848c       0x2a CMakeFiles/controlador_openLoop.dir/home/ines/pico/pico-sdk/src/rp2_common/pico_stdio_usb/stdio_usb_descriptors.c.obj
 *fill*         0x00000000100084b6        0x2 
 .rodata.usbd_desc_cfg
                0x00000000100084b8       0x54 CMakeFiles/controlador_openLoop.dir/home/ines/pico/pico-sdk/src/rp2_common/pico_stdio_usb/stdio_usb_descriptors.c.obj
 .rodata.usbd_desc_device
                0x000000001000850c       0x12 CMakeFiles/controlador_openLoop.dir/home/ines/pico/pico-sdk/src/rp2_common/pico_stdio_usb/stdio_usb_descriptors.c.obj
 *fill*         0x000000001000851e        0x2 
 .rodata.usbd_desc_str
                0x0000000010008520       0x18 CMakeFiles/controlador_openLoop.dir/home/ines/pico/pico-sdk/src/rp2_common/pico_stdio_usb/stdio_usb_descriptors.c.obj
 .rodata.pico_get_unique_board_id_string.str1.4
                0x0000000010008538       0x4b CMakeFiles/controlador_openLoop.dir/home/ines/pico/pico-sdk/src/rp2_common/pico_unique_id/unique_id.c.obj
 *fill*         0x0000000010008583        0x1 
 .rodata.__func__.0
                0x0000000010008584       0x20 CMakeFiles/controlador_openLoop.dir/home/ines/pico/pico-sdk/src/rp2_common/pico_unique_id/unique_id.c.obj
 .rodata.str1.4
                0x00000000100085a4      0x156 CMakeFiles/controlador_openLoop.dir/home/ines/pico/pico-sdk/src/rp2_common/hardware_flash/flash.c.obj
 *fill*         0x00000000100086fa        0x2 
 .rodata.__func__.0
                0x00000000100086fc        0xd CMakeFiles/controlador_openLoop.dir/home/ines/pico/pico-sdk/src/rp2_common/hardware_flash/flash.c.obj
 *fill*         0x0000000010008709        0x3 
 .rodata._hw_endpoint_alloc.str1.4
                0x000000001000870c       0xb5 CMakeFiles/controlador_openLoop.dir/home/ines/pico/pico-sdk/lib/tinyusb/src/portable/raspberrypi/rp2040/dcd_rp2040.c.obj
 *fill*         0x00000000100087c1        0x3 
 .rodata.str1.4
                0x00000000100087c4       0x14 CMakeFiles/controlador_openLoop.dir/home/ines/pico/pico-sdk/lib/tinyusb/src/portable/raspberrypi/rp2040/dcd_rp2040.c.obj
 .rodata.dcd_int_enable.str1.4
                0x00000000100087d8        0xc CMakeFiles/controlador_openLoop.dir/home/ines/pico/pico-sdk/lib/tinyusb/src/portable/raspberrypi/rp2040/dcd_rp2040.c.obj
 .rodata.__func__.0
                0x00000000100087e4        0xe CMakeFiles/controlador_openLoop.dir/home/ines/pico/pico-sdk/lib/tinyusb/src/portable/raspberrypi/rp2040/dcd_rp2040.c.obj
 *fill*         0x00000000100087f2        0x2 
 .rodata.__func__.1
                0x00000000100087f4        0xe CMakeFiles/controlador_openLoop.dir/home/ines/pico/pico-sdk/lib/tinyusb/src/portable/raspberrypi/rp2040/dcd_rp2040.c.obj
 *fill*         0x0000000010008802        0x2 
 .rodata.__func__.3
                0x0000000010008804       0x10 CMakeFiles/controlador_openLoop.dir/home/ines/pico/pico-sdk/lib/tinyusb/src/portable/raspberrypi/rp2040/dcd_rp2040.c.obj
 .rodata.__func__.5
                0x0000000010008814        0xf CMakeFiles/controlador_openLoop.dir/home/ines/pico/pico-sdk/lib/tinyusb/src/portable/raspberrypi/rp2040/dcd_rp2040.c.obj
 *fill*         0x0000000010008823        0x1 
 .rodata.__func__.6
                0x0000000010008824       0x13 CMakeFiles/controlador_openLoop.dir/home/ines/pico/pico-sdk/lib/tinyusb/src/portable/raspberrypi/rp2040/dcd_rp2040.c.obj
 *fill*         0x0000000010008837        0x1 
 .rodata.__func__.7
                0x0000000010008838        0x9 CMakeFiles/controlador_openLoop.dir/home/ines/pico/pico-sdk/lib/tinyusb/src/portable/raspberrypi/rp2040/dcd_rp2040.c.obj
 *fill*         0x0000000010008841        0x3 
 .rodata.str1.4
                0x0000000010008844       0xe7 CMakeFiles/controlador_openLoop.dir/home/ines/pico/pico-sdk/lib/tinyusb/src/portable/raspberrypi/rp2040/rp2040_usb.c.obj
 *fill*         0x000000001000892b        0x1 
 .rodata.__func__.0
                0x000000001000892c        0xf CMakeFiles/controlador_openLoop.dir/home/ines/pico/pico-sdk/lib/tinyusb/src/portable/raspberrypi/rp2040/rp2040_usb.c.obj
 *fill*         0x000000001000893b        0x1 
 .rodata.process_get_descriptor
                0x000000001000893c       0x40 CMakeFiles/controlador_openLoop.dir/home/ines/pico/pico-sdk/lib/tinyusb/src/device/usbd.c.obj
 .rodata.process_control_request
                0x000000001000897c       0x28 CMakeFiles/controlador_openLoop.dir/home/ines/pico/pico-sdk/lib/tinyusb/src/device/usbd.c.obj
 .rodata.tud_task_ext
                0x00000000100089a4       0x24 CMakeFiles/controlador_openLoop.dir/home/ines/pico/pico-sdk/lib/tinyusb/src/device/usbd.c.obj
 .rodata._usbd_driver
                0x00000000100089c8       0x18 CMakeFiles/controlador_openLoop.dir/home/ines/pico/pico-sdk/lib/tinyusb/src/device/usbd.c.obj
                0x00000000100089e0                . = ALIGN (0x4)
 *(SORT_BY_ALIGNMENT(SORT_BY_NAME(.flashdata*)))
                0x00000000100089e0                . = ALIGN (0x4)

.ARM.extab
 *(.ARM.extab* .gnu.linkonce.armextab.*)
                0x00000000100089e0                __exidx_start = .

.ARM.exidx
 *(.ARM.exidx* .gnu.linkonce.armexidx.*)
                0x00000000100089e0                __exidx_end = .
                0x00000000100089e0                . = ALIGN (0x4)
                0x00000000100089e0                __binary_info_start = .

.binary_info    0x00000000100089e0       0x20
 *(.binary_info.keep.*)
 .binary_info.keep.__bi_ptr22
                0x00000000100089e0        0x4 CMakeFiles/controlador_openLoop.dir/home/ines/pico/pico-sdk/src/rp2_common/pico_standard_link/binary_info.c.obj
 .binary_info.keep.__bi_ptr30
                0x00000000100089e4        0x4 CMakeFiles/controlador_openLoop.dir/home/ines/pico/pico-sdk/src/rp2_common/pico_standard_link/binary_info.c.obj
 .binary_info.keep.__bi_ptr38
                0x00000000100089e8        0x4 CMakeFiles/controlador_openLoop.dir/home/ines/pico/pico-sdk/src/rp2_common/pico_standard_link/binary_info.c.obj
 .binary_info.keep.__bi_ptr44
                0x00000000100089ec        0x4 CMakeFiles/controlador_openLoop.dir/home/ines/pico/pico-sdk/src/rp2_common/pico_standard_link/binary_info.c.obj
 .binary_info.keep.__bi_ptr50
                0x00000000100089f0        0x4 CMakeFiles/controlador_openLoop.dir/home/ines/pico/pico-sdk/src/rp2_common/pico_standard_link/binary_info.c.obj
 .binary_info.keep.__bi_ptr75
                0x00000000100089f4        0x4 CMakeFiles/controlador_openLoop.dir/home/ines/pico/pico-sdk/src/rp2_common/pico_standard_link/binary_info.c.obj
 .binary_info.keep.__bi_ptr81
                0x00000000100089f8        0x4 CMakeFiles/controlador_openLoop.dir/home/ines/pico/pico-sdk/src/rp2_common/pico_standard_link/binary_info.c.obj
 *(.binary_info.*)
 .binary_info.__bi_ptr182
                0x00000000100089fc        0x4 CMakeFiles/controlador_openLoop.dir/home/ines/pico/pico-sdk/src/rp2_common/pico_stdio_usb/stdio_usb.c.obj
                0x0000000010008a00                __binary_info_end = .

.rel.dyn        0x0000000010008a00        0x0
 .rel.iplt      0x0000000010008a00        0x0 /usr/lib/gcc/arm-none-eabi/10.3.1/thumb/v6-m/nofp/crtbegin.o
                0x0000000010008a00                . = ALIGN (0x4)

.ram_vector_table
                0x0000000020000000       0xc0
 *(.ram_vector_table)
 .ram_vector_table
                0x0000000020000000       0xc0 CMakeFiles/controlador_openLoop.dir/home/ines/pico/pico-sdk/src/rp2_common/pico_runtime/runtime.c.obj
                0x0000000020000000                ram_vector_table

.data           0x00000000200000c0      0xbf0 load address 0x0000000010008a00
                0x00000000200000c0                __data_start__ = .
 *(vtable)
 *(.time_critical*)
 .time_critical.mutex_try_enter
                0x00000000200000c0       0x46 CMakeFiles/controlador_openLoop.dir/home/ines/pico/pico-sdk/src/common/pico_sync/mutex.c.obj
                0x00000000200000c0                mutex_try_enter
 *fill*         0x0000000020000106        0x2 
 .time_critical.mutex_enter_block_until
                0x0000000020000108       0x8c CMakeFiles/controlador_openLoop.dir/home/ines/pico/pico-sdk/src/common/pico_sync/mutex.c.obj
                0x0000000020000108                mutex_enter_block_until
 .time_critical.mutex_try_enter_block_until
                0x0000000020000194       0x34 CMakeFiles/controlador_openLoop.dir/home/ines/pico/pico-sdk/src/common/pico_sync/mutex.c.obj
                0x0000000020000194                mutex_try_enter_block_until
 .time_critical.mutex_enter_timeout_ms
                0x00000000200001c8       0x68 CMakeFiles/controlador_openLoop.dir/home/ines/pico/pico-sdk/src/common/pico_sync/mutex.c.obj
                0x00000000200001c8                mutex_enter_timeout_ms
 .time_critical.mutex_exit
                0x0000000020000230       0x4c CMakeFiles/controlador_openLoop.dir/home/ines/pico/pico-sdk/src/common/pico_sync/mutex.c.obj
                0x0000000020000230                mutex_exit
 .time_critical.flash_init_boot2_copyout
                0x000000002000027c       0x30 CMakeFiles/controlador_openLoop.dir/home/ines/pico/pico-sdk/src/rp2_common/hardware_flash/flash.c.obj
 .time_critical.flash_enable_xip_via_boot2
                0x00000000200002ac       0x10 CMakeFiles/controlador_openLoop.dir/home/ines/pico/pico-sdk/src/rp2_common/hardware_flash/flash.c.obj
 .time_critical.flash_cs_force
                0x00000000200002bc       0x28 CMakeFiles/controlador_openLoop.dir/home/ines/pico/pico-sdk/src/rp2_common/hardware_flash/flash.c.obj
 .time_critical.flash_do_cmd
                0x00000000200002e4       0xd8 CMakeFiles/controlador_openLoop.dir/home/ines/pico/pico-sdk/src/rp2_common/hardware_flash/flash.c.obj
                0x00000000200002e4                flash_do_cmd
 .time_critical.reset_non_control_endpoints
                0x00000000200003bc       0x40 CMakeFiles/controlador_openLoop.dir/home/ines/pico/pico-sdk/lib/tinyusb/src/portable/raspberrypi/rp2040/dcd_rp2040.c.obj
 .time_critical.hw_handle_buff_status
                0x00000000200003fc       0xa4 CMakeFiles/controlador_openLoop.dir/home/ines/pico/pico-sdk/lib/tinyusb/src/portable/raspberrypi/rp2040/dcd_rp2040.c.obj
 .time_critical.dcd_rp2040_irq
                0x00000000200004a0      0x1cc CMakeFiles/controlador_openLoop.dir/home/ines/pico/pico-sdk/lib/tinyusb/src/portable/raspberrypi/rp2040/dcd_rp2040.c.obj
 .time_critical.e15_is_bulkin_ep
                0x000000002000066c       0x2c CMakeFiles/controlador_openLoop.dir/home/ines/pico/pico-sdk/lib/tinyusb/src/portable/raspberrypi/rp2040/rp2040_usb.c.obj
 .time_critical.e15_is_critical_frame_period
                0x0000000020000698       0x30 CMakeFiles/controlador_openLoop.dir/home/ines/pico/pico-sdk/lib/tinyusb/src/portable/raspberrypi/rp2040/rp2040_usb.c.obj
 .time_critical.prepare_ep_buffer
                0x00000000200006c8       0x70 CMakeFiles/controlador_openLoop.dir/home/ines/pico/pico-sdk/lib/tinyusb/src/portable/raspberrypi/rp2040/rp2040_usb.c.obj
 .time_critical.sync_ep_buffer
                0x0000000020000738       0x80 CMakeFiles/controlador_openLoop.dir/home/ines/pico/pico-sdk/lib/tinyusb/src/portable/raspberrypi/rp2040/rp2040_usb.c.obj
 .time_critical._hw_endpoint_xfer_sync
                0x00000000200007b8       0x28 CMakeFiles/controlador_openLoop.dir/home/ines/pico/pico-sdk/lib/tinyusb/src/portable/raspberrypi/rp2040/rp2040_usb.c.obj
 .time_critical.hw_endpoint_reset_transfer
                0x00000000200007e0        0xc CMakeFiles/controlador_openLoop.dir/home/ines/pico/pico-sdk/lib/tinyusb/src/portable/raspberrypi/rp2040/rp2040_usb.c.obj
                0x00000000200007e0                hw_endpoint_reset_transfer
 .time_critical._hw_endpoint_buffer_control_update32
                0x00000000200007ec       0x58 CMakeFiles/controlador_openLoop.dir/home/ines/pico/pico-sdk/lib/tinyusb/src/portable/raspberrypi/rp2040/rp2040_usb.c.obj
                0x00000000200007ec                _hw_endpoint_buffer_control_update32
 .time_critical.hw_endpoint_start_next_buffer
                0x0000000020000844       0x88 CMakeFiles/controlador_openLoop.dir/home/ines/pico/pico-sdk/lib/tinyusb/src/portable/raspberrypi/rp2040/rp2040_usb.c.obj
                0x0000000020000844                hw_endpoint_start_next_buffer
 .time_critical.hw_endpoint_xfer_continue
                0x00000000200008cc       0x50 CMakeFiles/controlador_openLoop.dir/home/ines/pico/pico-sdk/lib/tinyusb/src/portable/raspberrypi/rp2040/rp2040_usb.c.obj
                0x00000000200008cc                hw_endpoint_xfer_continue
 .time_critical.tinyusb
                0x000000002000091c      0x200 CMakeFiles/controlador_openLoop.dir/home/ines/pico/pico-sdk/lib/tinyusb/src/device/usbd.c.obj